Archive member included because of file (symbol)

/opt/Freescale/KDS_v3/toolchain/bin/../lib/gcc/arm-none-eabi/4.8.4/../../../../arm-none-eabi/lib/armv6-m/libg_s.a(lib_a-errno.o)
                              ./utilities/fsl_sbrk.o (symbol from plugin) (__errno)
/opt/Freescale/KDS_v3/toolchain/bin/../lib/gcc/arm-none-eabi/4.8.4/../../../../arm-none-eabi/lib/armv6-m/libg_s.a(lib_a-exit.o)
                              /opt/Freescale/KDS_v3/toolchain/bin/../lib/gcc/arm-none-eabi/4.8.4/../../../../arm-none-eabi/lib/armv6-m/crt0.o (exit)
/opt/Freescale/KDS_v3/toolchain/bin/../lib/gcc/arm-none-eabi/4.8.4/../../../../arm-none-eabi/lib/armv6-m/libg_s.a(lib_a-impure.o)
                              /opt/Freescale/KDS_v3/toolchain/bin/../lib/gcc/arm-none-eabi/4.8.4/../../../../arm-none-eabi/lib/armv6-m/libg_s.a(lib_a-exit.o) (_global_impure_ptr)
/opt/Freescale/KDS_v3/toolchain/bin/../lib/gcc/arm-none-eabi/4.8.4/../../../../arm-none-eabi/lib/armv6-m/libg_s.a(lib_a-init.o)
                              /opt/Freescale/KDS_v3/toolchain/bin/../lib/gcc/arm-none-eabi/4.8.4/../../../../arm-none-eabi/lib/armv6-m/crt0.o (__libc_init_array)
/opt/Freescale/KDS_v3/toolchain/bin/../lib/gcc/arm-none-eabi/4.8.4/../../../../arm-none-eabi/lib/armv6-m/libg_s.a(lib_a-memset.o)
                              /opt/Freescale/KDS_v3/toolchain/bin/../lib/gcc/arm-none-eabi/4.8.4/../../../../arm-none-eabi/lib/armv6-m/crt0.o (memset)
/opt/Freescale/KDS_v3/toolchain/bin/../lib/gcc/arm-none-eabi/4.8.4/../../../../arm-none-eabi/lib/armv6-m/libnosys.a(_exit.o)
                              /opt/Freescale/KDS_v3/toolchain/bin/../lib/gcc/arm-none-eabi/4.8.4/../../../../arm-none-eabi/lib/armv6-m/libg_s.a(lib_a-exit.o) (_exit)
/opt/Freescale/KDS_v3/toolchain/bin/../lib/gcc/arm-none-eabi/4.8.4/armv6-m/libgcc.a(_udivsi3.o)
                              /tmp/cczlrcVX.ltrans1.ltrans.o (__aeabi_uidiv)
/opt/Freescale/KDS_v3/toolchain/bin/../lib/gcc/arm-none-eabi/4.8.4/armv6-m/libgcc.a(_divsi3.o)
                              /tmp/cczlrcVX.ltrans2.ltrans.o (__aeabi_idiv)
/opt/Freescale/KDS_v3/toolchain/bin/../lib/gcc/arm-none-eabi/4.8.4/armv6-m/libgcc.a(_dvmd_tls.o)
                              /opt/Freescale/KDS_v3/toolchain/bin/../lib/gcc/arm-none-eabi/4.8.4/armv6-m/libgcc.a(_udivsi3.o) (__aeabi_idiv0)
/opt/Freescale/KDS_v3/toolchain/bin/../lib/gcc/arm-none-eabi/4.8.4/../../../../arm-none-eabi/lib/armv6-m/libg_s.a(lib_a-memcpy-stub.o)
                              /tmp/cczlrcVX.ltrans3.ltrans.o (memcpy)
/opt/Freescale/KDS_v3/toolchain/bin/../lib/gcc/arm-none-eabi/4.8.4/../../../../arm-none-eabi/lib/armv6-m/libg_s.a(lib_a-memmove.o)
                              /tmp/cczlrcVX.ltrans12.ltrans.o (memmove)
/opt/Freescale/KDS_v3/toolchain/bin/../lib/gcc/arm-none-eabi/4.8.4/../../../../arm-none-eabi/lib/armv6-m/libg_s.a(lib_a-strlen.o)
                              /tmp/cczlrcVX.ltrans12.ltrans.o (strlen)

Allocating common symbols
Common symbol       size              file

test_task_2         0x28              ./source/main.o (symbol from plugin)
test_flags          0x1c              ./source/main.o (symbol from plugin)
mutexTbl            0x10              ./uLipeRtosV4/source/OsMutex.o (symbol from plugin)
queueTbl            0x20              ./uLipeRtosV4/source/OsQueue.o (symbol from plugin)
semTbl              0x10              ./uLipeRtosV4/source/OsSem.o (symbol from plugin)
sema                0x4               ./source/main.o (symbol from plugin)
test_sema           0x10              ./source/main.o (symbol from plugin)
flagsTbl            0x1c              ./uLipeRtosV4/source/OsFlags.o (symbol from plugin)
test_msg            0x20              ./source/main.o (symbol from plugin)
test_task           0x28              ./source/main.o (symbol from plugin)
test_mtx            0x10              ./source/main.o (symbol from plugin)
mtx                 0x4               ./source/main.o (symbol from plugin)

Discarded input sections

 .text          0x00000000        0x0 /opt/Freescale/KDS_v3/toolchain/bin/../lib/gcc/arm-none-eabi/4.8.4/armv6-m/crti.o
 .data          0x00000000        0x0 /opt/Freescale/KDS_v3/toolchain/bin/../lib/gcc/arm-none-eabi/4.8.4/armv6-m/crti.o
 .bss           0x00000000        0x0 /opt/Freescale/KDS_v3/toolchain/bin/../lib/gcc/arm-none-eabi/4.8.4/armv6-m/crti.o
 .data          0x00000000        0x4 /opt/Freescale/KDS_v3/toolchain/bin/../lib/gcc/arm-none-eabi/4.8.4/armv6-m/crtbegin.o
 .data          0x00000000        0x0 /opt/Freescale/KDS_v3/toolchain/bin/../lib/gcc/arm-none-eabi/4.8.4/../../../../arm-none-eabi/lib/armv6-m/crt0.o
 .bss           0x00000000        0x0 /opt/Freescale/KDS_v3/toolchain/bin/../lib/gcc/arm-none-eabi/4.8.4/../../../../arm-none-eabi/lib/armv6-m/crt0.o
 .ARM.extab     0x00000000        0x0 /opt/Freescale/KDS_v3/toolchain/bin/../lib/gcc/arm-none-eabi/4.8.4/../../../../arm-none-eabi/lib/armv6-m/crt0.o
 .text          0x00000000        0x0 ./utilities/fsl_debug_console.o (symbol from plugin)
[...]
Memory Configuration

Name             Origin             Length             Attributes
m_interrupts     0x00000000         0x00000200         xr
m_flash_config   0x00000400         0x00000010         xr
m_text           0x00000410         0x0001fbf0         xr
m_data           0x1ffff000         0x00004000         rw
*default*        0x00000000         0xffffffff

Linker script and memory map

LOAD /opt/Freescale/KDS_v3/toolchain/bin/../lib/gcc/arm-none-eabi/4.8.4/armv6-m/crti.o
LOAD /opt/Freescale/KDS_v3/toolchain/bin/../lib/gcc/arm-none-eabi/4.8.4/armv6-m/crtbegin.o
LOAD /opt/Freescale/KDS_v3/toolchain/bin/../lib/gcc/arm-none-eabi/4.8.4/../../../../arm-none-eabi/lib/armv6-m/crt0.o
LOAD ./utilities/fsl_debug_console.o
LOAD /tmp/cczlrcVX.ltrans0.ltrans.o
LOAD /tmp/cczlrcVX.ltrans1.ltrans.o
LOAD /tmp/cczlrcVX.ltrans2.ltrans.o
LOAD /tmp/cczlrcVX.ltrans3.ltrans.o
LOAD /tmp/cczlrcVX.ltrans4.ltrans.o
LOAD /tmp/cczlrcVX.ltrans5.ltrans.o
LOAD /tmp/cczlrcVX.ltrans6.ltrans.o
LOAD /tmp/cczlrcVX.ltrans7.ltrans.o
LOAD /tmp/cczlrcVX.ltrans8.ltrans.o
LOAD /tmp/cczlrcVX.ltrans9.ltrans.o
LOAD /tmp/cczlrcVX.ltrans10.ltrans.o
LOAD /tmp/cczlrcVX.ltrans11.ltrans.o
LOAD /tmp/cczlrcVX.ltrans12.ltrans.o
LOAD /opt/Freescale/KDS_v3/toolchain/bin/../lib/gcc/arm-none-eabi/4.8.4/armv6-m/libgcc.a
LOAD /opt/Freescale/KDS_v3/toolchain/bin/../lib/gcc/arm-none-eabi/4.8.4/../../../../arm-none-eabi/lib/armv6-m/libg_s.a
LOAD /opt/Freescale/KDS_v3/toolchain/bin/../lib/gcc/arm-none-eabi/4.8.4/../../../../arm-none-eabi/lib/armv6-m/libc_s.a
LOAD /opt/Freescale/KDS_v3/toolchain/bin/../lib/gcc/arm-none-eabi/4.8.4/armv6-m/libgcc.a
LOAD /opt/Freescale/KDS_v3/toolchain/bin/../lib/gcc/arm-none-eabi/4.8.4/../../../../arm-none-eabi/lib/armv6-m/libc_s.a
LOAD /opt/Freescale/KDS_v3/toolchain/bin/../lib/gcc/arm-none-eabi/4.8.4/../../../../arm-none-eabi/lib/armv6-m/libnosys.a
LOAD /opt/Freescale/KDS_v3/toolchain/bin/../lib/gcc/arm-none-eabi/4.8.4/armv6-m/libgcc.a
LOAD /opt/Freescale/KDS_v3/toolchain/bin/../lib/gcc/arm-none-eabi/4.8.4/../../../../arm-none-eabi/lib/armv6-m/libc_s.a
LOAD /opt/Freescale/KDS_v3/toolchain/bin/../lib/gcc/arm-none-eabi/4.8.4/../../../../arm-none-eabi/lib/armv6-m/libnosys.a
LOAD ./utilities/fsl_notifier.o
LOAD ./utilities/fsl_sbrk.o
LOAD ./utilities/fsl_shell.o
LOAD ./uLipeRtosV4/source/arch/OsPort_M0.o
LOAD ./uLipeRtosV4/source/arch/OsPort_M0_a.o
LOAD ./uLipeRtosV4/source/arch/OsPort_M7.o
LOAD ./uLipeRtosV4/source/arch/OsPort_M7_a.o
LOAD ./uLipeRtosV4/source/OsCpuMsg.o
LOAD ./uLipeRtosV4/source/OsFlags.o
LOAD ./uLipeRtosV4/source/OsKernel.o
LOAD ./uLipeRtosV4/source/OsMutex.o
LOAD ./uLipeRtosV4/source/OsQueue.o
LOAD ./uLipeRtosV4/source/OsSem.o
LOAD ./uLipeRtosV4/source/OsTask.o
LOAD ./startup/startup_MKL25Z4.o
LOAD ./startup/system_MKL25Z4.o
LOAD ./source/main.o
LOAD ./drivers/fsl_adc16.o
LOAD ./drivers/fsl_clock.o
LOAD ./drivers/fsl_cmp.o
LOAD ./drivers/fsl_common.o
LOAD ./drivers/fsl_cop.o
LOAD ./drivers/fsl_dac.o
LOAD ./drivers/fsl_dma.o
LOAD ./drivers/fsl_dmamux.o
LOAD ./drivers/fsl_flash.o
LOAD ./drivers/fsl_gpio.o
LOAD ./drivers/fsl_i2c.o
LOAD ./drivers/fsl_i2c_dma.o
LOAD ./drivers/fsl_llwu.o
LOAD ./drivers/fsl_lpsci.o
LOAD ./drivers/fsl_lpsci_dma.o
LOAD ./drivers/fsl_lptmr.o
LOAD ./drivers/fsl_pit.o
LOAD ./drivers/fsl_pmc.o
LOAD ./drivers/fsl_rcm.o
LOAD ./drivers/fsl_rtc.o
LOAD ./drivers/fsl_sim.o
LOAD ./drivers/fsl_smc.o
LOAD ./drivers/fsl_spi.o
LOAD ./drivers/fsl_spi_dma.o
LOAD ./drivers/fsl_tpm.o
LOAD ./drivers/fsl_tsi_v4.o
LOAD ./drivers/fsl_uart.o
LOAD ./drivers/fsl_uart_dma.o
LOAD ./board/board.o
LOAD ./board/clock_config.o
LOAD ./board/pin_mux.o
LOAD /opt/Freescale/KDS_v3/toolchain/bin/../lib/gcc/arm-none-eabi/4.8.4/../../../../arm-none-eabi/lib/armv6-m/libstdc++_s.a
LOAD /opt/Freescale/KDS_v3/toolchain/bin/../lib/gcc/arm-none-eabi/4.8.4/../../../../arm-none-eabi/lib/armv6-m/libm.a
START GROUP
LOAD /opt/Freescale/KDS_v3/toolchain/bin/../lib/gcc/arm-none-eabi/4.8.4/armv6-m/libgcc.a
LOAD /opt/Freescale/KDS_v3/toolchain/bin/../lib/gcc/arm-none-eabi/4.8.4/../../../../arm-none-eabi/lib/armv6-m/libg_s.a
LOAD /opt/Freescale/KDS_v3/toolchain/bin/../lib/gcc/arm-none-eabi/4.8.4/../../../../arm-none-eabi/lib/armv6-m/libc_s.a
END GROUP
START GROUP
LOAD /opt/Freescale/KDS_v3/toolchain/bin/../lib/gcc/arm-none-eabi/4.8.4/armv6-m/libgcc.a
LOAD /opt/Freescale/KDS_v3/toolchain/bin/../lib/gcc/arm-none-eabi/4.8.4/../../../../arm-none-eabi/lib/armv6-m/libc_s.a
LOAD /opt/Freescale/KDS_v3/toolchain/bin/../lib/gcc/arm-none-eabi/4.8.4/../../../../arm-none-eabi/lib/armv6-m/libnosys.a
END GROUP
START GROUP
LOAD /opt/Freescale/KDS_v3/toolchain/bin/../lib/gcc/arm-none-eabi/4.8.4/armv6-m/libgcc.a
LOAD /opt/Freescale/KDS_v3/toolchain/bin/../lib/gcc/arm-none-eabi/4.8.4/../../../../arm-none-eabi/lib/armv6-m/libc_s.a
LOAD /opt/Freescale/KDS_v3/toolchain/bin/../lib/gcc/arm-none-eabi/4.8.4/../../../../arm-none-eabi/lib/armv6-m/libnosys.a
END GROUP
LOAD /opt/Freescale/KDS_v3/toolchain/bin/../lib/gcc/arm-none-eabi/4.8.4/armv6-m/crtend.o
LOAD /opt/Freescale/KDS_v3/toolchain/bin/../lib/gcc/arm-none-eabi/4.8.4/armv6-m/crtn.o
                0x00000400                HEAP_SIZE = DEFINED (__heap_size__)?__heap_size__:0x400
                0x00000400                STACK_SIZE = DEFINED (__stack_size__)?__stack_size__:0x400
                0x00000000                M_VECTOR_RAM_SIZE = DEFINED (__ram_vector_table__)?0x200:0x0

.interrupts     0x00000000       0xc0
                0x00000000                __VECTOR_TABLE = .
                0x00000000                . = ALIGN (0x4)
 *(.isr_vector)
 .isr_vector    0x00000000       0xc0 ./startup/startup_MKL25Z4.o
                0x00000000                __isr_vector
                0x000000c0                . = ALIGN (0x4)

.flash_config   0x00000400       0x10
                0x00000400                . = ALIGN (0x4)
 *(.FlashConfig)
 .FlashConfig   0x00000400       0x10 ./startup/startup_MKL25Z4.o
                0x00000410                . = ALIGN (0x4)

.text           0x00000410     0x28ec
                0x00000410                . = ALIGN (0x4)
 *(.text)
 .text          0x00000410       0x60 /opt/Freescale/KDS_v3/toolchain/bin/../lib/gcc/arm-none-eabi/4.8.4/armv6-m/crtbegin.o
 .text          0x00000470       0x78 /opt/Freescale/KDS_v3/toolchain/bin/../lib/gcc/arm-none-eabi/4.8.4/../../../../arm-none-eabi/lib/armv6-m/crt0.o
                0x00000470                _mainCRTStartup
                0x00000470                _start
 .text          0x000004e8       0x9c /opt/Freescale/KDS_v3/toolchain/bin/../lib/gcc/arm-none-eabi/4.8.4/armv6-m/libgcc.a(_udivsi3.o)
                0x000004e8                __udivsi3
                0x000004e8                __aeabi_uidiv
                0x00000570                __aeabi_uidivmod
 .text          0x00000584       0xc0 /opt/Freescale/KDS_v3/toolchain/bin/../lib/gcc/arm-none-eabi/4.8.4/armv6-m/libgcc.a(_divsi3.o)
                0x00000584                __aeabi_idiv
                0x00000584                __divsi3
                0x00000630                __aeabi_idivmod
 .text          0x00000644        0x4 /opt/Freescale/KDS_v3/toolchain/bin/../lib/gcc/arm-none-eabi/4.8.4/armv6-m/libgcc.a(_dvmd_tls.o)
                0x00000644                __aeabi_ldiv0
                0x00000644                __aeabi_idiv0
 .text          0x00000648       0xa0 ./uLipeRtosV4/source/arch/OsPort_M0_a.o
                0x00000648                uLipeEnterCritical
                0x00000650                uLipeExitCritical
                0x00000656                uLipeMemCpy
                0x00000658                uLipeMemSet
                0x0000065a                SVC_Handler
                0x00000690                PendSV_Handler
                0x000006d0                SysTick_Handler
 .text          0x000006e8       0xc8 ./startup/startup_MKL25Z4.o
                0x000006e8                Reset_Handler
                0x00000728                TPM0_IRQHandler
                0x00000728                LLWU_IRQHandler
                0x00000728                ADC0_IRQHandler
                0x00000728                Reserved39_IRQHandler
                0x00000728                DefaultISR
                0x00000728                PORTD_IRQHandler
                0x00000728                TPM2_IRQHandler
                0x00000728                RTC_IRQHandler
                0x00000728                RTC_Seconds_IRQHandler
                0x00000728                MCG_IRQHandler
                0x00000728                Reserved20_IRQHandler
                0x00000728                USB0_IRQHandler
                0x00000728                PIT_IRQHandler
                0x00000728                DAC0_IRQHandler
                0x00000728                Reserved45_IRQHandler
                0x00000728                TPM1_IRQHandler
                0x00000728                LVD_LVW_IRQHandler
                0x00000728                PORTA_IRQHandler
                0x00000728                FTFA_IRQHandler
                0x00000728                LPTMR0_IRQHandler
                0x00000728                CMP0_IRQHandler
                0x0000072c                NMI_Handler
                0x00000730                HardFault_Handler
                0x00000740                DMA0_IRQHandler
                0x00000744                DMA1_IRQHandler
                0x00000748                DMA2_IRQHandler
                0x0000074c                DMA3_IRQHandler
                0x00000750                I2C0_IRQHandler
                0x00000754                I2C1_IRQHandler
                0x00000758                SPI0_IRQHandler
                0x0000075c                SPI1_IRQHandler
                0x00000760                UART0_IRQHandler
                0x00000764                UART1_IRQHandler
                0x00000768                UART2_IRQHandler
 *(.text*)
 .text.UART1_DriverIRQHandler
                0x000007b0       0x24 /tmp/cczlrcVX.ltrans0.ltrans.o
                0x000007b0                UART1_DriverIRQHandler
 .text.UART2_DriverIRQHandler
                0x000007d4       0x24 /tmp/cczlrcVX.ltrans0.ltrans.o
                0x000007d4                UART2_DriverIRQHandler
 .text.CLOCK_SetSimSafeDivs.9227.4103
                0x000007f8       0x1c /tmp/cczlrcVX.ltrans0.ltrans.o
 .text.CLOCK_SetXtal0Freq.9230.4100
                0x00000814       0x18 /tmp/cczlrcVX.ltrans0.ltrans.o
 .text.BOARD_BootClockRUN
                0x0000082c       0x68 /tmp/cczlrcVX.ltrans0.ltrans.o
                0x0000082c                BOARD_BootClockRUN
 .text.BOARD_InitOsc0.4077
                0x00000894       0x2c /tmp/cczlrcVX.ltrans0.ltrans.o
 .text.CLOCK_EnableClock.9332.4071
                0x000008c0       0x34 /tmp/cczlrcVX.ltrans0.ltrans.o
 .text.PORT_SetPinMux.9338.4028
                0x000008f4       0x3c /tmp/cczlrcVX.ltrans0.ltrans.o
 .text.BOARD_InitPins
                0x00000930       0x68 /tmp/cczlrcVX.ltrans0.ltrans.o
                0x00000930                BOARD_InitPins
 .text.BOARD_InitTOUCH
                0x00000998       0x4c /tmp/cczlrcVX.ltrans0.ltrans.o
                0x00000998                BOARD_InitTOUCH
 .text.TSI_ClearStatusFlags
                0x000009e4       0x44 /tmp/cczlrcVX.ltrans1.ltrans.o
                0x000009e4                TSI_ClearStatusFlags
 .text.SPI_CommonIRQHandler.8269.4338
                0x00000a28       0x54 /tmp/cczlrcVX.ltrans2.ltrans.o
 .text.SPI0_DriverIRQHandler
                0x00000a7c       0x3c /tmp/cczlrcVX.ltrans2.ltrans.o
                0x00000a7c                SPI0_DriverIRQHandler
 .text.SPI1_DriverIRQHandler
                0x00000ab8       0x3c /tmp/cczlrcVX.ltrans2.ltrans.o
                0x00000ab8                SPI1_DriverIRQHandler
 .text.UART0_DriverIRQHandler
                0x00000af4       0x24 /tmp/cczlrcVX.ltrans4.ltrans.o
                0x00000af4                UART0_DriverIRQHandler
 .text.I2C0_DriverIRQHandler
                0x00000b18       0x20 /tmp/cczlrcVX.ltrans5.ltrans.o
                0x00000b18                I2C0_DriverIRQHandler
 .text.I2C1_DriverIRQHandler
                0x00000b38       0x20 /tmp/cczlrcVX.ltrans5.ltrans.o
                0x00000b38                I2C1_DriverIRQHandler
 .text.I2C_TransferCommonIRQHandler.6720
                0x00000b58       0x58 /tmp/cczlrcVX.ltrans6.ltrans.o
                0x00000b58                I2C_TransferCommonIRQHandler.6720
 .text.DMA_ClearChannelStatusFlags.6077.4272
                0x00000bb0       0x60 /tmp/cczlrcVX.ltrans8.ltrans.o
 .text.DMA_HandleIRQ.4166
                0x00000c10       0x60 /tmp/cczlrcVX.ltrans8.ltrans.o
 .text.DMA0_DriverIRQHandler
                0x00000c70       0x18 /tmp/cczlrcVX.ltrans8.ltrans.o
                0x00000c70                DMA0_DriverIRQHandler
 .text.DMA1_DriverIRQHandler
                0x00000c88       0x18 /tmp/cczlrcVX.ltrans8.ltrans.o
                0x00000c88                DMA1_DriverIRQHandler
 .text.DMA2_DriverIRQHandler
                0x00000ca0       0x18 /tmp/cczlrcVX.ltrans8.ltrans.o
                0x00000ca0                DMA2_DriverIRQHandler
 .text.DMA3_DriverIRQHandler
                0x00000cb8       0x18 /tmp/cczlrcVX.ltrans8.ltrans.o
                0x00000cb8                DMA3_DriverIRQHandler
 .text.CLOCK_SetPbeMode.4271
                0x00000cd0       0xbc /tmp/cczlrcVX.ltrans9.ltrans.o
 .text.CLOCK_BootToPeeMode
                0x00000d8c       0x80 /tmp/cczlrcVX.ltrans9.ltrans.o
                0x00000d8c                CLOCK_BootToPeeMode
 .text.__assert_func
                0x00000e0c       0x28 /tmp/cczlrcVX.ltrans9.ltrans.o
                0x00000e0c                __assert_func
 .text.TSI0_IRQHandler
                0x00000e34       0x4c /tmp/cczlrcVX.ltrans10.ltrans.o
                0x00000e34                TSI0_IRQHandler
 .text.main     0x00000e80       0x5c /tmp/cczlrcVX.ltrans10.ltrans.o
                0x00000e80                main
 .text.CLOCK_SetEr32kClock.5344.4183
                0x00000edc       0x30 /tmp/cczlrcVX.ltrans10.ltrans.o
 .text.CLOCK_SetPllFllSelClock.5349.4180
                0x00000f0c       0x38 /tmp/cczlrcVX.ltrans10.ltrans.o
 .text.OSC_SetExtRefClkConfig.5352.4176
                0x00000f44       0x48 /tmp/cczlrcVX.ltrans10.ltrans.o
 .text.OSC_SetCapLoad.5364.4169
                0x00000f8c       0x4c /tmp/cczlrcVX.ltrans10.ltrans.o
 .text.CLOCK_GetOscRangeFromFreq.5380.4156
                0x00000fd8       0x4c /tmp/cczlrcVX.ltrans10.ltrans.o
 .text.CLOCK_SetSimConfig
                0x00001024       0x34 /tmp/cczlrcVX.ltrans10.ltrans.o
                0x00001024                CLOCK_SetSimConfig
 .text.CLOCK_SetExternalRefClkConfig
                0x00001058       0x40 /tmp/cczlrcVX.ltrans10.ltrans.o
                0x00001058                CLOCK_SetExternalRefClkConfig
 .text.CLOCK_SetInternalRefClkConfig
                0x00001098      0x11c /tmp/cczlrcVX.ltrans10.ltrans.o
                0x00001098                CLOCK_SetInternalRefClkConfig
 .text.CLOCK_EnablePll0
                0x000011b4       0xa4 /tmp/cczlrcVX.ltrans10.ltrans.o
                0x000011b4                CLOCK_EnablePll0
 .text.CLOCK_InitOsc0
                0x00001258       0x94 /tmp/cczlrcVX.ltrans10.ltrans.o
                0x00001258                CLOCK_InitOsc0
 .text.uLipeInitMachine.4270
                0x000012ec       0x48 /tmp/cczlrcVX.ltrans11.ltrans.o
 .text.uLipeStackInit.4265
                0x00001334       0xb0 /tmp/cczlrcVX.ltrans11.ltrans.o
 .text.uLipePortChange.4263
                0x000013e4       0x1c /tmp/cczlrcVX.ltrans11.ltrans.o
 .text.uLipeFlagsInit.4261
                0x00001400       0x14 /tmp/cczlrcVX.ltrans11.ltrans.o
 .text.uLipeFlagsPost
                0x00001414       0x1c /tmp/cczlrcVX.ltrans11.ltrans.o
                0x00001414                uLipeFlagsPost
 .text.uLipePrioSet.4502.4241
                0x00001430       0x74 /tmp/cczlrcVX.ltrans11.ltrans.o
 .text.uLipePrioClr.4515.4237
                0x000014a4       0x88 /tmp/cczlrcVX.ltrans11.ltrans.o
 .text.uLipeKernelIdleTask.4210
                0x0000152c        0xc /tmp/cczlrcVX.ltrans11.ltrans.o
 .text.uLipeKernelClz.4522.4234
                0x00001538       0xa0 /tmp/cczlrcVX.ltrans11.ltrans.o
 .text.uLipeTaskEntry.4126
                0x000015d8       0x54 /tmp/cczlrcVX.ltrans11.ltrans.o
 .text.uLipeKernelIrqIn
                0x0000162c       0x34 /tmp/cczlrcVX.ltrans11.ltrans.o
                0x0000162c                uLipeKernelIrqIn
 .text.uLipeKernelIrqOut
                0x00001660       0x38 /tmp/cczlrcVX.ltrans11.ltrans.o
                0x00001660                uLipeKernelIrqOut
 .text.uLipeKernelFindHighPrio.4227
                0x00001698       0xd0 /tmp/cczlrcVX.ltrans11.ltrans.o
 .text.uLipeKernelTaskYield.4225
                0x00001768       0x68 /tmp/cczlrcVX.ltrans11.ltrans.o
 .text.uLipeKernelRtosTick
                0x000017d0      0x18c /tmp/cczlrcVX.ltrans11.ltrans.o
                0x000017d0                uLipeKernelRtosTick
 .text.uLipeKernelObjSet.4213
                0x0000195c       0x50 /tmp/cczlrcVX.ltrans11.ltrans.o
 .text.uLipeRtosInit
                0x000019ac       0x90 /tmp/cczlrcVX.ltrans11.ltrans.o
                0x000019ac                uLipeRtosInit
 .text.uLipeRtosStart
                0x00001a3c       0x48 /tmp/cczlrcVX.ltrans11.ltrans.o
                0x00001a3c                uLipeRtosStart
 .text.uLipeMutexInit.4204
                0x00001a84       0x14 /tmp/cczlrcVX.ltrans11.ltrans.o
 .text.uLipeQueueInit.4189
                0x00001a98       0x14 /tmp/cczlrcVX.ltrans11.ltrans.o
 .text.uLipeSemInit.4162
                0x00001aac        0x8 /tmp/cczlrcVX.ltrans11.ltrans.o
 .text.uLipePrioSet.4748.4140
                0x00001ab4       0x74 /tmp/cczlrcVX.ltrans11.ltrans.o
 .text.uLipePrioClr.4761.4132
                0x00001b28       0x88 /tmp/cczlrcVX.ltrans11.ltrans.o
 .text.uLipeTaskInit.4130
                0x00001bb0       0x8c /tmp/cczlrcVX.ltrans11.ltrans.o
 .text.uLipeTaskCreate
                0x00001c3c      0x154 /tmp/cczlrcVX.ltrans11.ltrans.o
                0x00001c3c                uLipeTaskCreate
 .text.uLipeTaskDelete.4115
                0x00001d90       0x3c /tmp/cczlrcVX.ltrans11.ltrans.o
 .text.uLipeTaskSuspend.4112
                0x00001dcc       0xa4 /tmp/cczlrcVX.ltrans11.ltrans.o
 .text.uLipeTaskResume.4109
                0x00001e70       0xa0 /tmp/cczlrcVX.ltrans11.ltrans.o
 .text.uLipeTaskDelay.4102
                0x00001f10       0x88 /tmp/cczlrcVX.ltrans11.ltrans.o
 .text.SystemInit
                0x00001f98       0x18 /tmp/cczlrcVX.ltrans11.ltrans.o
                0x00001f98                SystemInit
 .text.TSI_GetStatusFlags.4923
                0x00001fb0       0x1c /tmp/cczlrcVX.ltrans11.ltrans.o
                0x00001fb0                TSI_GetStatusFlags.4923
 .text.dly_task.4965
                0x00001fcc       0x18 /tmp/cczlrcVX.ltrans11.ltrans.o
                0x00001fcc                dly_task.4965
 .text.blink_led.4968
                0x00001fe4        0xc /tmp/cczlrcVX.ltrans11.ltrans.o
                0x00001fe4                blink_led.4968
 .text.DbgConsole_Printf
                0x00001ff0       0x48 /tmp/cczlrcVX.ltrans12.ltrans.o
                0x00001ff0                DbgConsole_Printf
 .text.DbgConsole_Putchar.4174
                0x00002038       0x38 /tmp/cczlrcVX.ltrans12.ltrans.o
 .text.DbgConsole_PrintfPaddingCharacter.4085.4159
                0x00002070       0x48 /tmp/cczlrcVX.ltrans12.ltrans.o
 .text.DbgConsole_ConvertRadixNumToString.4093.4152
                0x000020b8      0x114 /tmp/cczlrcVX.ltrans12.ltrans.o
 .text.DbgConsole_PrintfFormattedData.4100.4146
                0x000021cc      0x344 /tmp/cczlrcVX.ltrans12.ltrans.o
 .text.strlen   0x00002510        0xe /opt/Freescale/KDS_v3/toolchain/bin/../lib/gcc/arm-none-eabi/4.8.4/../../../../arm-none-eabi/lib/armv6-m/libg_s.a(lib_a-strlen.o)
                0x00002510                strlen
 *fill*         0x0000251e        0x2 
 .text.exit     0x00002520       0x2c /opt/Freescale/KDS_v3/toolchain/bin/../lib/gcc/arm-none-eabi/4.8.4/../../../../arm-none-eabi/lib/armv6-m/libg_s.a(lib_a-exit.o)
                0x00002520                exit
 .text.__libc_init_array
                0x0000254c       0x4c /opt/Freescale/KDS_v3/toolchain/bin/../lib/gcc/arm-none-eabi/4.8.4/../../../../arm-none-eabi/lib/armv6-m/libg_s.a(lib_a-init.o)
                0x0000254c                __libc_init_array
 .text.memset   0x00002598       0x10 /opt/Freescale/KDS_v3/toolchain/bin/../lib/gcc/arm-none-eabi/4.8.4/../../../../arm-none-eabi/lib/armv6-m/libg_s.a(lib_a-memset.o)
                0x00002598                memset
 .text._exit    0x000025a8        0x4 /opt/Freescale/KDS_v3/toolchain/bin/../lib/gcc/arm-none-eabi/4.8.4/../../../../arm-none-eabi/lib/armv6-m/libnosys.a(_exit.o)
                0x000025a8                _exit
 *(.rodata)
 .rodata        0x000025ac      0x124 /tmp/cczlrcVX.ltrans0.ltrans.o
 .rodata        0x000026d0      0x1e4 /tmp/cczlrcVX.ltrans2.ltrans.o
 .rodata        0x000028b4      0x1c0 /tmp/cczlrcVX.ltrans8.ltrans.o
 .rodata        0x00002a74      0x108 /tmp/cczlrcVX.ltrans9.ltrans.o
 .rodata        0x00002b7c       0xb8 /tmp/cczlrcVX.ltrans10.ltrans.o
 *(.rodata*)
 .rodata.clz_lkup.4568
                0x00002c34       0x10 /tmp/cczlrcVX.ltrans12.ltrans.o
                0x00002c34                clz_lkup.4568
 .rodata.__func__.5573.5587
                0x00002c44       0x14 /tmp/cczlrcVX.ltrans12.ltrans.o
                0x00002c44                __func__.5573.5587
 .rodata.__func__.5704.5589
                0x00002c58       0x14 /tmp/cczlrcVX.ltrans12.ltrans.o
                0x00002c58                __func__.5704.5589
 .rodata.__func__.5768.5590
                0x00002c6c       0x14 /tmp/cczlrcVX.ltrans12.ltrans.o
                0x00002c6c                __func__.5768.5590
 .rodata.__func__.5672.6198
                0x00002c80       0x10 /tmp/cczlrcVX.ltrans12.ltrans.o
                0x00002c80                __func__.5672.6198
 .rodata.__func__.5540.6185
                0x00002c90       0x1c /tmp/cczlrcVX.ltrans12.ltrans.o
                0x00002c90                __func__.5540.6185
 .rodata.__func__.5771.8297
                0x00002cac       0x18 /tmp/cczlrcVX.ltrans12.ltrans.o
                0x00002cac                __func__.5771.8297
 .rodata.__func__.5775.8298
                0x00002cc4       0x18 /tmp/cczlrcVX.ltrans12.ltrans.o
                0x00002cc4                __func__.5775.8298
 .rodata.str1.1
                0x00002cdc        0x2 /opt/Freescale/KDS_v3/toolchain/bin/../lib/gcc/arm-none-eabi/4.8.4/../../../../arm-none-eabi/lib/armv6-m/libg_s.a(lib_a-impure.o)
 *fill*         0x00002cde        0x2 
 .rodata._global_impure_ptr
                0x00002ce0        0x4 /opt/Freescale/KDS_v3/toolchain/bin/../lib/gcc/arm-none-eabi/4.8.4/../../../../arm-none-eabi/lib/armv6-m/libg_s.a(lib_a-impure.o)
                0x00002ce0                _global_impure_ptr
 *(.glue_7)
 .glue_7        0x00000000        0x0 linker stubs
 *(.glue_7t)
 .glue_7t       0x00000000        0x0 linker stubs
 *(.eh_frame)
 .eh_frame      0x00002ce4        0x0 /opt/Freescale/KDS_v3/toolchain/bin/../lib/gcc/arm-none-eabi/4.8.4/armv6-m/crtbegin.o
 *(.init)
 .init          0x00002ce4        0x4 /opt/Freescale/KDS_v3/toolchain/bin/../lib/gcc/arm-none-eabi/4.8.4/armv6-m/crti.o
                0x00002ce4                _init
 .init          0x00002ce8        0x8 /opt/Freescale/KDS_v3/toolchain/bin/../lib/gcc/arm-none-eabi/4.8.4/armv6-m/crtn.o
 *(.fini)
 .fini          0x00002cf0        0x4 /opt/Freescale/KDS_v3/toolchain/bin/../lib/gcc/arm-none-eabi/4.8.4/armv6-m/crti.o
                0x00002cf0                _fini
 .fini          0x00002cf4        0x8 /opt/Freescale/KDS_v3/toolchain/bin/../lib/gcc/arm-none-eabi/4.8.4/armv6-m/crtn.o
                0x00002cfc                . = ALIGN (0x4)

.vfp11_veneer   0x00002cfc        0x0
 .vfp11_veneer  0x00000000        0x0 linker stubs

.v4_bx          0x00002cfc        0x0
 .v4_bx         0x00000000        0x0 linker stubs

.iplt           0x00002cfc        0x0
 .iplt          0x00000000        0x0 /opt/Freescale/KDS_v3/toolchain/bin/../lib/gcc/arm-none-eabi/4.8.4/armv6-m/crtbegin.o

.ARM.extab
 *(.ARM.extab* .gnu.linkonce.armextab.*)

.ARM            0x00002cfc        0x8
                0x00002cfc                __exidx_start = .
 *(.ARM.exidx*)
 .ARM.exidx     0x00002cfc        0x8 /opt/Freescale/KDS_v3/toolchain/bin/../lib/gcc/arm-none-eabi/4.8.4/../../../../arm-none-eabi/lib/armv6-m/crt0.o
                0x00002d04                __exidx_end = .

.rel.dyn        0x00002d04        0x0
 .rel.iplt      0x00000000        0x0 /opt/Freescale/KDS_v3/toolchain/bin/../lib/gcc/arm-none-eabi/4.8.4/armv6-m/crtbegin.o

.ctors          0x00002d04        0x0
                0x00002d04                __CTOR_LIST__ = .
 *crtbegin.o(.ctors)
 *crtbegin?.o(.ctors)
 *(EXCLUDE_FILE(*crtend.o *crtend?.o) .ctors)
 *(SORT(.ctors.*))
 *(.ctors)
                0x00002d04                __CTOR_END__ = .

.dtors          0x00002d04        0x0
                0x00002d04                __DTOR_LIST__ = .
 *crtbegin.o(.dtors)
 *crtbegin?.o(.dtors)
 *(EXCLUDE_FILE(*crtend.o *crtend?.o) .dtors)
 *(SORT(.dtors.*))
 *(.dtors)
                0x00002d04                __DTOR_END__ = .

.preinit_array  0x00002d04        0x0
                0x00002d04                PROVIDE (__preinit_array_start, .)
 *(.preinit_array*)
                0x00002d04                PROVIDE (__preinit_array_end, .)

.init_array     0x00002d04        0x4
                0x00002d04                PROVIDE (__init_array_start, .)
 *(SORT(.init_array.*))
 *(.init_array*)
 .init_array    0x00002d04        0x4 /opt/Freescale/KDS_v3/toolchain/bin/../lib/gcc/arm-none-eabi/4.8.4/armv6-m/crtbegin.o
                0x00002d08                PROVIDE (__init_array_end, .)

.fini_array     0x00002d08        0x4
                0x00002d08                PROVIDE (__fini_array_start, .)
 *(SORT(.fini_array.*))
 *(.fini_array*)
 .fini_array    0x00002d08        0x4 /opt/Freescale/KDS_v3/toolchain/bin/../lib/gcc/arm-none-eabi/4.8.4/armv6-m/crtbegin.o
                0x00002d0c                PROVIDE (__fini_array_end, .)
                0x00002d0c                __etext = .
                0x00002d0c                __DATA_ROM = .

.mtb            0x1ffff000        0x0
                0x1ffff000                . = ALIGN (0x8)
                0x1ffff000                _mtb_start = .
 *(.mtb_buf)
                0x1ffff000                . = ALIGN (0x8)
                0x1ffff000                _mtb_end = .

.interrupts_ram
                0x1ffff000        0x0
                0x1ffff000                . = ALIGN (0x4)
                0x1ffff000                __VECTOR_RAM__ = .
                0x1ffff000                __interrupts_ram_start__ = .
 *(.m_interrupts_ram)
                0x1ffff000                . = (. + M_VECTOR_RAM_SIZE)
                0x1ffff000                . = ALIGN (0x4)
                0x1ffff000                __interrupts_ram_end__ = .
                0x00000000                __VECTOR_RAM = DEFINED (__ram_vector_table__)?__VECTOR_RAM__:ORIGIN (m_interrupts)
                0x00000000                __RAM_VECTOR_TABLE_SIZE_BYTES = DEFINED (__ram_vector_table__)?(__interrupts_ram_end__ - __interrupts_ram_start__):0x0

.data           0x1ffff000       0x68 load address 0x00002d0c
                0x1ffff000                . = ALIGN (0x4)
                0x1ffff000                __DATA_RAM = .
                0x1ffff000                __data_start__ = .
 *(.data)
 *(.data*)
 .data.SystemCoreClock
                0x1ffff000        0x4 /tmp/cczlrcVX.ltrans12.ltrans.o
                0x1ffff000                SystemCoreClock
 .data.impure_data
                0x1ffff004       0x60 /opt/Freescale/KDS_v3/toolchain/bin/../lib/gcc/arm-none-eabi/4.8.4/../../../../arm-none-eabi/lib/armv6-m/libg_s.a(lib_a-impure.o)
 *(.jcr*)
 .jcr           0x1ffff064        0x0 /opt/Freescale/KDS_v3/toolchain/bin/../lib/gcc/arm-none-eabi/4.8.4/armv6-m/crtbegin.o
 .jcr           0x1ffff064        0x4 /opt/Freescale/KDS_v3/toolchain/bin/../lib/gcc/arm-none-eabi/4.8.4/armv6-m/crtend.o
                0x1ffff068                . = ALIGN (0x4)
                0x1ffff068                __data_end__ = .
                0x00002d74                __DATA_END = (__DATA_ROM + (__data_end__ - __data_start__))
                0x00020000                text_end = (ORIGIN (m_text) + 0x1fbf0)
                0x00000001                ASSERT ((__DATA_END <= text_end), region m_text overflowed with text and data)
                0x00000000                USB_RAM_GAP = DEFINED (__usb_ram_size__)?__usb_ram_size__:0x0

.igot.plt       0x1ffff068        0x0 load address 0x00002d74
 .igot.plt      0x00000000        0x0 /opt/Freescale/KDS_v3/toolchain/bin/../lib/gcc/arm-none-eabi/4.8.4/armv6-m/crtbegin.o

.bss            0x1ffff068      0x598 load address 0x00002d74
                0x1ffff068                . = ALIGN (0x4)
                0x1ffff068                __START_BSS = .
                0x1ffff068                __bss_start__ = .
 *(.bss)
 .bss           0x1ffff068       0x1c /opt/Freescale/KDS_v3/toolchain/bin/../lib/gcc/arm-none-eabi/4.8.4/armv6-m/crtbegin.o
 *(.bss*)
 .bss.s_debugConsole.4158.4352
                0x1ffff084       0x10 /tmp/cczlrcVX.ltrans12.ltrans.o
 .bss.taskPrioList
                0x1ffff094        0x8 /tmp/cczlrcVX.ltrans12.ltrans.o
                0x1ffff094                taskPrioList
 .bss.timerPendingList
                0x1ffff09c       0x14 /tmp/cczlrcVX.ltrans12.ltrans.o
                0x1ffff09c                timerPendingList
 .bss.currentTask
                0x1ffff0b0        0x4 /tmp/cczlrcVX.ltrans12.ltrans.o
                0x1ffff0b0                currentTask
 .bss.highPrioTask
                0x1ffff0b4        0x4 /tmp/cczlrcVX.ltrans12.ltrans.o
                0x1ffff0b4                highPrioTask
 .bss.tickCounter
                0x1ffff0b8        0x4 /tmp/cczlrcVX.ltrans12.ltrans.o
                0x1ffff0b8                tickCounter
 .bss.osConfigured
                0x1ffff0bc        0x1 /tmp/cczlrcVX.ltrans12.ltrans.o
                0x1ffff0bc                osConfigured
 .bss.osRunning
                0x1ffff0bd        0x1 /tmp/cczlrcVX.ltrans12.ltrans.o
                0x1ffff0bd                osRunning
 .bss.irqCounter
                0x1ffff0be        0x2 /tmp/cczlrcVX.ltrans12.ltrans.o
                0x1ffff0be                irqCounter
 .bss.idleTaskStack
                0x1ffff0c0       0x80 /tmp/cczlrcVX.ltrans12.ltrans.o
                0x1ffff0c0                idleTaskStack
 .bss.taskTbl   0x1ffff140      0x140 /tmp/cczlrcVX.ltrans12.ltrans.o
                0x1ffff140                taskTbl
 .bss.tcbPtrTbl
                0x1ffff280       0x20 /tmp/cczlrcVX.ltrans12.ltrans.o
                0x1ffff280                tcbPtrTbl
 .bss.tasksCount
                0x1ffff2a0        0x2 /tmp/cczlrcVX.ltrans12.ltrans.o
                0x1ffff2a0                tasksCount
 *fill*         0x1ffff2a2        0x2 
 .bss.dly_stk   0x1ffff2a4      0x100 /tmp/cczlrcVX.ltrans12.ltrans.o
                0x1ffff2a4                dly_stk
 .bss.blink_stk
                0x1ffff3a4      0x200 /tmp/cczlrcVX.ltrans12.ltrans.o
                0x1ffff3a4                blink_stk
 .bss.flags     0x1ffff5a4        0x4 /tmp/cczlrcVX.ltrans12.ltrans.o
                0x1ffff5a4                flags
 .bss.g_xtal0Freq
                0x1ffff5a8        0x4 /tmp/cczlrcVX.ltrans12.ltrans.o
                0x1ffff5a8                g_xtal0Freq
 .bss.s_DMAHandle.6192
                0x1ffff5ac       0x10 /tmp/cczlrcVX.ltrans12.ltrans.o
                0x1ffff5ac                s_DMAHandle.6192
 .bss.s_i2cHandle.6941
                0x1ffff5bc        0x8 /tmp/cczlrcVX.ltrans12.ltrans.o
                0x1ffff5bc                s_i2cHandle.6941
 .bss.s_i2cMasterIsr.6931
                0x1ffff5c4        0x4 /tmp/cczlrcVX.ltrans12.ltrans.o
                0x1ffff5c4                s_i2cMasterIsr.6931
 .bss.s_i2cSlaveIsr.6933
                0x1ffff5c8        0x4 /tmp/cczlrcVX.ltrans12.ltrans.o
                0x1ffff5c8                s_i2cSlaveIsr.6933
 .bss.s_lpsciHandle.7438
                0x1ffff5cc        0x4 /tmp/cczlrcVX.ltrans12.ltrans.o
                0x1ffff5cc                s_lpsciHandle.7438
 .bss.s_lpsciIsr.7439
                0x1ffff5d0        0x4 /tmp/cczlrcVX.ltrans12.ltrans.o
                0x1ffff5d0                s_lpsciIsr.7439
 .bss.s_spiHandle.8286
                0x1ffff5d4        0x8 /tmp/cczlrcVX.ltrans12.ltrans.o
                0x1ffff5d4                s_spiHandle.8286
 .bss.s_spiMasterIsr.8287
                0x1ffff5dc        0x4 /tmp/cczlrcVX.ltrans12.ltrans.o
                0x1ffff5dc                s_spiMasterIsr.8287
 .bss.s_spiSlaveIsr.8296
                0x1ffff5e0        0x4 /tmp/cczlrcVX.ltrans12.ltrans.o
                0x1ffff5e0                s_spiSlaveIsr.8296
 .bss.s_uartHandle.8970
                0x1ffff5e4        0xc /tmp/cczlrcVX.ltrans12.ltrans.o
                0x1ffff5e4                s_uartHandle.8970
 .bss.s_uartIsr.8971
                0x1ffff5f0        0x4 /tmp/cczlrcVX.ltrans12.ltrans.o
                0x1ffff5f0                s_uartIsr.8971
                0x1ffff600                . = ALIGN (0x200)
 *fill*         0x1ffff5f4        0xc 
                0x1ffff600                USB_RAM_START = .
                0x1ffff600                . = (. + USB_RAM_GAP)
 *(COMMON)
                0x1ffff600                . = ALIGN (0x4)
                0x1ffff600                __bss_end__ = .
                0x1ffff600                __END_BSS = .

.heap           0x1ffff600      0x400 load address 0x0000330c
                0x1ffff600                . = ALIGN (0x8)
                0x1ffff600                __end__ = .
                0x1ffff600                PROVIDE (end, .)
                0x1ffff600                __HeapBase = .
                0x1ffffa00                . = (. + HEAP_SIZE)
 *fill*         0x1ffff600      0x400 
                0x1ffffa00                __HeapLimit = .
                0x1ffffa00                __heap_limit = .

.stack          0x1ffffa00      0x400 load address 0x0000370c
                0x1ffffa00                . = ALIGN (0x8)
                0x1ffffe00                . = (. + STACK_SIZE)
 *fill*         0x1ffffa00      0x400 

m_usb_bdt       0x1ffff600        0x0
 *(m_usb_bdt)
                0x1ffff600                USB_RAM_BDT_END = .

m_usb_global
 *(m_usb_global)
                0x20003000                __StackTop = (ORIGIN (m_data) + 0x4000)
                0x20002c00                __StackLimit = (__StackTop - STACK_SIZE)
                0x20003000                PROVIDE (__stack, __StackTop)

.ARM.attributes
                0x00000000       0x28
 *(.ARM.attributes)
 .ARM.attributes
                0x00000000       0x1e /opt/Freescale/KDS_v3/toolchain/bin/../lib/gcc/arm-none-eabi/4.8.4/armv6-m/crti.o
 .ARM.attributes
                0x0000001e       0x2c /opt/Freescale/KDS_v3/toolchain/bin/../lib/gcc/arm-none-eabi/4.8.4/armv6-m/crtbegin.o
 .ARM.attributes
                0x0000004a       0x1b /opt/Freescale/KDS_v3/toolchain/bin/../lib/gcc/arm-none-eabi/4.8.4/../../../../arm-none-eabi/lib/armv6-m/crt0.o
 .ARM.attributes
                0x00000065       0x30 /tmp/cczlrcVX.ltrans0.ltrans.o
 .ARM.attributes
                0x00000095       0x30 /tmp/cczlrcVX.ltrans1.ltrans.o
 .ARM.attributes
                0x000000c5       0x30 /tmp/cczlrcVX.ltrans2.ltrans.o
 .ARM.attributes
                0x000000f5       0x30 /tmp/cczlrcVX.ltrans4.ltrans.o
 .ARM.attributes
                0x00000125       0x30 /tmp/cczlrcVX.ltrans5.ltrans.o
 .ARM.attributes
                0x00000155       0x30 /tmp/cczlrcVX.ltrans6.ltrans.o
 .ARM.attributes
                0x00000185       0x30 /tmp/cczlrcVX.ltrans8.ltrans.o
 .ARM.attributes
                0x000001b5       0x30 /tmp/cczlrcVX.ltrans9.ltrans.o
 .ARM.attributes
                0x000001e5       0x30 /tmp/cczlrcVX.ltrans10.ltrans.o
 .ARM.attributes
                0x00000215       0x30 /tmp/cczlrcVX.ltrans11.ltrans.o
 .ARM.attributes
                0x00000245       0x30 /tmp/cczlrcVX.ltrans12.ltrans.o
 .ARM.attributes
                0x00000275       0x1e /opt/Freescale/KDS_v3/toolchain/bin/../lib/gcc/arm-none-eabi/4.8.4/armv6-m/libgcc.a(_udivsi3.o)
 .ARM.attributes
                0x00000293       0x1e /opt/Freescale/KDS_v3/toolchain/bin/../lib/gcc/arm-none-eabi/4.8.4/armv6-m/libgcc.a(_divsi3.o)
 .ARM.attributes
                0x000002b1       0x1e /opt/Freescale/KDS_v3/toolchain/bin/../lib/gcc/arm-none-eabi/4.8.4/armv6-m/libgcc.a(_dvmd_tls.o)
 .ARM.attributes
                0x000002cf       0x2c /opt/Freescale/KDS_v3/toolchain/bin/../lib/gcc/arm-none-eabi/4.8.4/../../../../arm-none-eabi/lib/armv6-m/libg_s.a(lib_a-strlen.o)
 .ARM.attributes
                0x000002fb       0x22 ./uLipeRtosV4/source/arch/OsPort_M0_a.o
 .ARM.attributes
                0x0000031d       0x1b ./startup/startup_MKL25Z4.o
 .ARM.attributes
                0x00000338       0x2c /opt/Freescale/KDS_v3/toolchain/bin/../lib/gcc/arm-none-eabi/4.8.4/../../../../arm-none-eabi/lib/armv6-m/libg_s.a(lib_a-exit.o)
 .ARM.attributes
                0x00000364       0x2c /opt/Freescale/KDS_v3/toolchain/bin/../lib/gcc/arm-none-eabi/4.8.4/../../../../arm-none-eabi/lib/armv6-m/libg_s.a(lib_a-impure.o)
 .ARM.attributes
                0x00000390       0x2c /opt/Freescale/KDS_v3/toolchain/bin/../lib/gcc/arm-none-eabi/4.8.4/../../../../arm-none-eabi/lib/armv6-m/libg_s.a(lib_a-init.o)
 .ARM.attributes
                0x000003bc       0x2c /opt/Freescale/KDS_v3/toolchain/bin/../lib/gcc/arm-none-eabi/4.8.4/../../../../arm-none-eabi/lib/armv6-m/libg_s.a(lib_a-memset.o)
 .ARM.attributes
                0x000003e8       0x2c /opt/Freescale/KDS_v3/toolchain/bin/../lib/gcc/arm-none-eabi/4.8.4/../../../../arm-none-eabi/lib/armv6-m/libnosys.a(_exit.o)
 .ARM.attributes
                0x00000414       0x2c /opt/Freescale/KDS_v3/toolchain/bin/../lib/gcc/arm-none-eabi/4.8.4/armv6-m/crtend.o
 .ARM.attributes
                0x00000440       0x1e /opt/Freescale/KDS_v3/toolchain/bin/../lib/gcc/arm-none-eabi/4.8.4/armv6-m/crtn.o
                0x00000001                ASSERT ((__StackLimit >= __HeapLimit), region m_data overflowed with stack and heap)
OUTPUT(rtos_lhc.elf elf32-littlearm)

.debug_info     0x00000000    0x15d70
 .debug_info    0x00000000     0x1510 /tmp/cczlrcVX.ltrans0.ltrans.o
 .debug_info    0x00001510     0x136d /tmp/cczlrcVX.ltrans1.ltrans.o
 .debug_info    0x0000287d     0x1e22 /tmp/cczlrcVX.ltrans2.ltrans.o
 .debug_info    0x0000469f     0x1009 /tmp/cczlrcVX.ltrans4.ltrans.o
 .debug_info    0x000056a8     0x19a9 /tmp/cczlrcVX.ltrans5.ltrans.o
 .debug_info    0x00007051      0xf30 /tmp/cczlrcVX.ltrans6.ltrans.o
 .debug_info    0x00007f81     0x1bfd /tmp/cczlrcVX.ltrans8.ltrans.o
 .debug_info    0x00009b7e     0x1437 /tmp/cczlrcVX.ltrans9.ltrans.o
 .debug_info    0x0000afb5     0x18b6 /tmp/cczlrcVX.ltrans10.ltrans.o
 .debug_info    0x0000c86b     0x1fb4 /tmp/cczlrcVX.ltrans11.ltrans.o
 .debug_info    0x0000e81f     0x747f /tmp/cczlrcVX.ltrans12.ltrans.o
 .debug_info    0x00015c9e       0x6f ./uLipeRtosV4/source/arch/OsPort_M0_a.o
 .debug_info    0x00015d0d       0x63 ./startup/startup_MKL25Z4.o

.debug_abbrev   0x00000000     0x2339
 .debug_abbrev  0x00000000      0x308 /tmp/cczlrcVX.ltrans0.ltrans.o
 .debug_abbrev  0x00000308      0x2c2 /tmp/cczlrcVX.ltrans1.ltrans.o
 .debug_abbrev  0x000005ca      0x2e9 /tmp/cczlrcVX.ltrans2.ltrans.o
 .debug_abbrev  0x000008b3      0x277 /tmp/cczlrcVX.ltrans4.ltrans.o
 .debug_abbrev  0x00000b2a      0x349 /tmp/cczlrcVX.ltrans5.ltrans.o
 .debug_abbrev  0x00000e73      0x1fd /tmp/cczlrcVX.ltrans6.ltrans.o
 .debug_abbrev  0x00001070      0x2da /tmp/cczlrcVX.ltrans8.ltrans.o
 .debug_abbrev  0x0000134a      0x358 /tmp/cczlrcVX.ltrans9.ltrans.o
 .debug_abbrev  0x000016a2      0x362 /tmp/cczlrcVX.ltrans10.ltrans.o
 .debug_abbrev  0x00001a04      0x401 /tmp/cczlrcVX.ltrans11.ltrans.o
 .debug_abbrev  0x00001e05      0x50c /tmp/cczlrcVX.ltrans12.ltrans.o
 .debug_abbrev  0x00002311       0x14 ./uLipeRtosV4/source/arch/OsPort_M0_a.o
 .debug_abbrev  0x00002325       0x14 ./startup/startup_MKL25Z4.o

.debug_aranges  0x00000000     0x1050
 .debug_aranges
                0x00000000      0x180 /tmp/cczlrcVX.ltrans0.ltrans.o
 .debug_aranges
                0x00000180      0x120 /tmp/cczlrcVX.ltrans1.ltrans.o
 .debug_aranges
                0x000002a0      0x1d0 /tmp/cczlrcVX.ltrans2.ltrans.o
 .debug_aranges
                0x00000470      0x100 /tmp/cczlrcVX.ltrans4.ltrans.o
 .debug_aranges
                0x00000570      0x168 /tmp/cczlrcVX.ltrans5.ltrans.o
 .debug_aranges
                0x000006d8       0xe8 /tmp/cczlrcVX.ltrans6.ltrans.o
 .debug_aranges
                0x000007c0      0x1d8 /tmp/cczlrcVX.ltrans8.ltrans.o
 .debug_aranges
                0x00000998      0x150 /tmp/cczlrcVX.ltrans9.ltrans.o
 .debug_aranges
                0x00000ae8      0x1f0 /tmp/cczlrcVX.ltrans10.ltrans.o
 .debug_aranges
                0x00000cd8      0x240 /tmp/cczlrcVX.ltrans11.ltrans.o
 .debug_aranges
                0x00000f18       0xf8 /tmp/cczlrcVX.ltrans12.ltrans.o
 .debug_aranges
                0x00001010       0x20 ./uLipeRtosV4/source/arch/OsPort_M0_a.o
 .debug_aranges
                0x00001030       0x20 ./startup/startup_MKL25Z4.o

.debug_ranges   0x00000000      0xf78
 .debug_ranges  0x00000000      0x170 /tmp/cczlrcVX.ltrans0.ltrans.o
 .debug_ranges  0x00000170      0x110 /tmp/cczlrcVX.ltrans1.ltrans.o
 .debug_ranges  0x00000280      0x1c0 /tmp/cczlrcVX.ltrans2.ltrans.o
 .debug_ranges  0x00000440       0xf0 /tmp/cczlrcVX.ltrans4.ltrans.o
 .debug_ranges  0x00000530      0x170 /tmp/cczlrcVX.ltrans5.ltrans.o
 .debug_ranges  0x000006a0       0xd8 /tmp/cczlrcVX.ltrans6.ltrans.o
 .debug_ranges  0x00000778      0x1c8 /tmp/cczlrcVX.ltrans8.ltrans.o
 .debug_ranges  0x00000940      0x140 /tmp/cczlrcVX.ltrans9.ltrans.o
 .debug_ranges  0x00000a80      0x1e0 /tmp/cczlrcVX.ltrans10.ltrans.o
 .debug_ranges  0x00000c60      0x230 /tmp/cczlrcVX.ltrans11.ltrans.o
 .debug_ranges  0x00000e90       0xe8 /tmp/cczlrcVX.ltrans12.ltrans.o

.debug_line     0x00000000     0x4ccc
 .debug_line    0x00000000      0x6a0 /tmp/cczlrcVX.ltrans0.ltrans.o
 .debug_line    0x000006a0      0x512 /tmp/cczlrcVX.ltrans1.ltrans.o
 .debug_line    0x00000bb2      0x734 /tmp/cczlrcVX.ltrans2.ltrans.o
 .debug_line    0x000012e6      0x4dc /tmp/cczlrcVX.ltrans4.ltrans.o
 .debug_line    0x000017c2      0x6d4 /tmp/cczlrcVX.ltrans5.ltrans.o
 .debug_line    0x00001e96      0x46d /tmp/cczlrcVX.ltrans6.ltrans.o
 .debug_line    0x00002303      0x74d /tmp/cczlrcVX.ltrans8.ltrans.o
 .debug_line    0x00002a50      0x55c /tmp/cczlrcVX.ltrans9.ltrans.o
 .debug_line    0x00002fac      0x79b /tmp/cczlrcVX.ltrans10.ltrans.o
 .debug_line    0x00003747      0x983 /tmp/cczlrcVX.ltrans11.ltrans.o
 .debug_line    0x000040ca      0xa96 /tmp/cczlrcVX.ltrans12.ltrans.o
 .debug_line    0x00004b60       0xa5 ./uLipeRtosV4/source/arch/OsPort_M0_a.o
 .debug_line    0x00004c05       0xc7 ./startup/startup_MKL25Z4.o

.debug_str      0x00000000     0x9b09
 .debug_str     0x00000000      0xf7f /tmp/cczlrcVX.ltrans0.ltrans.o
                               0x101c (size before relaxing)
 .debug_str     0x00000f7f     0x1281 /tmp/cczlrcVX.ltrans1.ltrans.o
                               0x1730 (size before relaxing)
 .debug_str     0x00002200     0x105d /tmp/cczlrcVX.ltrans2.ltrans.o
                               0x2026 (size before relaxing)
 .debug_str     0x0000325d      0x581 /tmp/cczlrcVX.ltrans4.ltrans.o
                                0xa58 (size before relaxing)
 .debug_str     0x000037de      0xb68 /tmp/cczlrcVX.ltrans5.ltrans.o
                               0x141b (size before relaxing)
 .debug_str     0x00004346      0x5c9 /tmp/cczlrcVX.ltrans6.ltrans.o
                                0xa6a (size before relaxing)
 .debug_str     0x0000490f     0x1097 /tmp/cczlrcVX.ltrans8.ltrans.o
                               0x1804 (size before relaxing)
 .debug_str     0x000059a6      0xa99 /tmp/cczlrcVX.ltrans9.ltrans.o
                               0x1056 (size before relaxing)
 .debug_str     0x0000643f     0x1025 /tmp/cczlrcVX.ltrans10.ltrans.o
                               0x16d4 (size before relaxing)
 .debug_str     0x00007464      0x94d /tmp/cczlrcVX.ltrans11.ltrans.o
                               0x1e51 (size before relaxing)
 .debug_str     0x00007db1     0x1d58 /tmp/cczlrcVX.ltrans12.ltrans.o
                               0x6d40 (size before relaxing)

.comment        0x00000000       0x70
 .comment       0x00000000       0x70 /tmp/cczlrcVX.ltrans0.ltrans.o
                                 0x71 (size before relaxing)
 .comment       0x00000000       0x71 /tmp/cczlrcVX.ltrans1.ltrans.o
 .comment       0x00000000       0x71 /tmp/cczlrcVX.ltrans2.ltrans.o
 .comment       0x00000000       0x71 /tmp/cczlrcVX.ltrans4.ltrans.o
 .comment       0x00000000       0x71 /tmp/cczlrcVX.ltrans5.ltrans.o
 .comment       0x00000000       0x71 /tmp/cczlrcVX.ltrans6.ltrans.o
 .comment       0x00000000       0x71 /tmp/cczlrcVX.ltrans8.ltrans.o
 .comment       0x00000000       0x71 /tmp/cczlrcVX.ltrans9.ltrans.o
 .comment       0x00000000       0x71 /tmp/cczlrcVX.ltrans10.ltrans.o
 .comment       0x00000000       0x71 /tmp/cczlrcVX.ltrans11.ltrans.o
 .comment       0x00000000       0x71 /tmp/cczlrcVX.ltrans12.ltrans.o

.debug_frame    0x00000000     0x3d28
 .debug_frame   0x00000000      0x588 /tmp/cczlrcVX.ltrans0.ltrans.o
 .debug_frame   0x00000588      0x430 /tmp/cczlrcVX.ltrans1.ltrans.o
 .debug_frame   0x000009b8      0x6e8 /tmp/cczlrcVX.ltrans2.ltrans.o
 .debug_frame   0x000010a0      0x3b0 /tmp/cczlrcVX.ltrans4.ltrans.o
 .debug_frame   0x00001450      0x548 /tmp/cczlrcVX.ltrans5.ltrans.o
 .debug_frame   0x00001998      0x350 /tmp/cczlrcVX.ltrans6.ltrans.o
 .debug_frame   0x00001ce8      0x700 /tmp/cczlrcVX.ltrans8.ltrans.o
 .debug_frame   0x000023e8      0x4dc /tmp/cczlrcVX.ltrans9.ltrans.o
 .debug_frame   0x000028c4      0x74c /tmp/cczlrcVX.ltrans10.ltrans.o
 .debug_frame   0x00003010      0x894 /tmp/cczlrcVX.ltrans11.ltrans.o
 .debug_frame   0x000038a4      0x390 /tmp/cczlrcVX.ltrans12.ltrans.o
 .debug_frame   0x00003c34       0x20 /opt/Freescale/KDS_v3/toolchain/bin/../lib/gcc/arm-none-eabi/4.8.4/armv6-m/libgcc.a(_udivsi3.o)
 .debug_frame   0x00003c54       0x20 /opt/Freescale/KDS_v3/toolchain/bin/../lib/gcc/arm-none-eabi/4.8.4/armv6-m/libgcc.a(_divsi3.o)
 .debug_frame   0x00003c74       0x20 /opt/Freescale/KDS_v3/toolchain/bin/../lib/gcc/arm-none-eabi/4.8.4/../../../../arm-none-eabi/lib/armv6-m/libg_s.a(lib_a-strlen.o)
 .debug_frame   0x00003c94       0x28 /opt/Freescale/KDS_v3/toolchain/bin/../lib/gcc/arm-none-eabi/4.8.4/../../../../arm-none-eabi/lib/armv6-m/libg_s.a(lib_a-exit.o)
 .debug_frame   0x00003cbc       0x2c /opt/Freescale/KDS_v3/toolchain/bin/../lib/gcc/arm-none-eabi/4.8.4/../../../../arm-none-eabi/lib/armv6-m/libg_s.a(lib_a-init.o)
 .debug_frame   0x00003ce8       0x20 /opt/Freescale/KDS_v3/toolchain/bin/../lib/gcc/arm-none-eabi/4.8.4/../../../../arm-none-eabi/lib/armv6-m/libg_s.a(lib_a-memset.o)
 .debug_frame   0x00003d08       0x20 /opt/Freescale/KDS_v3/toolchain/bin/../lib/gcc/arm-none-eabi/4.8.4/../../../../arm-none-eabi/lib/armv6-m/libnosys.a(_exit.o)
