Archive member included because of file (symbol)

/opt/Freescale/KDS_v3/toolchain/bin/../lib/gcc/arm-none-eabi/4.8.4/../../../../arm-none-eabi/lib/armv6-m/libg_s.a(lib_a-errno.o)
                              ./utilities/fsl_sbrk.o (symbol from plugin) (__errno)
/opt/Freescale/KDS_v3/toolchain/bin/../lib/gcc/arm-none-eabi/4.8.4/../../../../arm-none-eabi/lib/armv6-m/libg_s.a(lib_a-exit.o)
                              /opt/Freescale/KDS_v3/toolchain/bin/../lib/gcc/arm-none-eabi/4.8.4/../../../../arm-none-eabi/lib/armv6-m/crt0.o (exit)
/opt/Freescale/KDS_v3/toolchain/bin/../lib/gcc/arm-none-eabi/4.8.4/../../../../arm-none-eabi/lib/armv6-m/libg_s.a(lib_a-impure.o)
                              /opt/Freescale/KDS_v3/toolchain/bin/../lib/gcc/arm-none-eabi/4.8.4/../../../../arm-none-eabi/lib/armv6-m/libg_s.a(lib_a-exit.o) (_global_impure_ptr)
/opt/Freescale/KDS_v3/toolchain/bin/../lib/gcc/arm-none-eabi/4.8.4/../../../../arm-none-eabi/lib/armv6-m/libg_s.a(lib_a-init.o)
                              /opt/Freescale/KDS_v3/toolchain/bin/../lib/gcc/arm-none-eabi/4.8.4/../../../../arm-none-eabi/lib/armv6-m/crt0.o (__libc_init_array)
/opt/Freescale/KDS_v3/toolchain/bin/../lib/gcc/arm-none-eabi/4.8.4/../../../../arm-none-eabi/lib/armv6-m/libg_s.a(lib_a-memset.o)
                              /opt/Freescale/KDS_v3/toolchain/bin/../lib/gcc/arm-none-eabi/4.8.4/../../../../arm-none-eabi/lib/armv6-m/crt0.o (memset)
/opt/Freescale/KDS_v3/toolchain/bin/../lib/gcc/arm-none-eabi/4.8.4/../../../../arm-none-eabi/lib/armv6-m/libnosys.a(_exit.o)
                              /opt/Freescale/KDS_v3/toolchain/bin/../lib/gcc/arm-none-eabi/4.8.4/../../../../arm-none-eabi/lib/armv6-m/libg_s.a(lib_a-exit.o) (_exit)
/opt/Freescale/KDS_v3/toolchain/bin/../lib/gcc/arm-none-eabi/4.8.4/armv6-m/libgcc.a(_udivsi3.o)
                              /tmp/ccbFA10Y.ltrans1.ltrans.o (__aeabi_uidiv)
/opt/Freescale/KDS_v3/toolchain/bin/../lib/gcc/arm-none-eabi/4.8.4/armv6-m/libgcc.a(_divsi3.o)
                              /tmp/ccbFA10Y.ltrans2.ltrans.o (__aeabi_idiv)
/opt/Freescale/KDS_v3/toolchain/bin/../lib/gcc/arm-none-eabi/4.8.4/armv6-m/libgcc.a(_dvmd_tls.o)
                              /opt/Freescale/KDS_v3/toolchain/bin/../lib/gcc/arm-none-eabi/4.8.4/armv6-m/libgcc.a(_udivsi3.o) (__aeabi_idiv0)
/opt/Freescale/KDS_v3/toolchain/bin/../lib/gcc/arm-none-eabi/4.8.4/../../../../arm-none-eabi/lib/armv6-m/libg_s.a(lib_a-memcpy-stub.o)
                              /tmp/ccbFA10Y.ltrans3.ltrans.o (memcpy)
/opt/Freescale/KDS_v3/toolchain/bin/../lib/gcc/arm-none-eabi/4.8.4/../../../../arm-none-eabi/lib/armv6-m/libg_s.a(lib_a-memmove.o)
                              /tmp/ccbFA10Y.ltrans12.ltrans.o (memmove)
/opt/Freescale/KDS_v3/toolchain/bin/../lib/gcc/arm-none-eabi/4.8.4/../../../../arm-none-eabi/lib/armv6-m/libg_s.a(lib_a-strlen.o)
                              /tmp/ccbFA10Y.ltrans12.ltrans.o (strlen)

Allocating common symbols
Common symbol       size              file

led_stk             0x300             ./source/main.o (symbol from plugin)
test_task_2         0x28              ./source/main.o (symbol from plugin)
test_flags          0x1c              ./source/main.o (symbol from plugin)
mutexTbl            0x10              ./uLipeRtosV4/source/OsMutex.o (symbol from plugin)
queueTbl            0x20              ./uLipeRtosV4/source/OsQueue.o (symbol from plugin)
semTbl              0x10              ./uLipeRtosV4/source/OsSem.o (symbol from plugin)
touch_stk           0x300             ./source/main.o (symbol from plugin)
sema                0x4               ./source/main.o (symbol from plugin)
test_sema           0x10              ./source/main.o (symbol from plugin)
flagsTbl            0x1c              ./uLipeRtosV4/source/OsFlags.o (symbol from plugin)
test_msg            0x20              ./source/main.o (symbol from plugin)
test_task           0x28              ./source/main.o (symbol from plugin)
test_mtx            0x10              ./source/main.o (symbol from plugin)
mtx                 0x4               ./source/main.o (symbol from plugin)

Discarded input sections

 .text          0x00000000        0x0 /opt/Freescale/KDS_v3/toolchain/bin/../lib/gcc/arm-none-eabi/4.8.4/armv6-m/crti.o
 .data          0x00000000        0x0 /opt/Freescale/KDS_v3/toolchain/bin/../lib/gcc/arm-none-eabi/4.8.4/armv6-m/crti.o
 .bss           0x00000000        0x0 /opt/Freescale/KDS_v3/toolchain/bin/../lib/gcc/arm-none-eabi/4.8.4/armv6-m/crti.o
 .data          0x00000000        0x4 /opt/Freescale/KDS_v3/toolchain/bin/../lib/gcc/arm-none-eabi/4.8.4/armv6-m/crtbegin.o
 .data          0x00000000        0x0 /opt/Freescale/KDS_v3/toolchain/bin/../lib/gcc/arm-none-eabi/4.8.4/../../../../arm-none-eabi/lib/armv6-m/crt0.o
 .bss           0x00000000        0x0 /opt/Freescale/KDS_v3/toolchain/bin/../lib/gcc/arm-none-eabi/4.8.4/../../../../arm-none-eabi/lib/armv6-m/crt0.o
[...]
Memory Configuration

Name             Origin             Length             Attributes
m_interrupts     0x00000000         0x00000200         xr
m_flash_config   0x00000400         0x00000010         xr
m_text           0x00000410         0x0001fbf0         xr
m_data           0x1ffff000         0x00004000         rw
*default*        0x00000000         0xffffffff

Linker script and memory map

LOAD /opt/Freescale/KDS_v3/toolchain/bin/../lib/gcc/arm-none-eabi/4.8.4/armv6-m/crti.o
LOAD /opt/Freescale/KDS_v3/toolchain/bin/../lib/gcc/arm-none-eabi/4.8.4/armv6-m/crtbegin.o
LOAD /opt/Freescale/KDS_v3/toolchain/bin/../lib/gcc/arm-none-eabi/4.8.4/../../../../arm-none-eabi/lib/armv6-m/crt0.o
LOAD ./utilities/fsl_debug_console.o
LOAD /tmp/ccbFA10Y.ltrans0.ltrans.o
LOAD /tmp/ccbFA10Y.ltrans1.ltrans.o
LOAD /tmp/ccbFA10Y.ltrans2.ltrans.o
LOAD /tmp/ccbFA10Y.ltrans3.ltrans.o
LOAD /tmp/ccbFA10Y.ltrans4.ltrans.o
LOAD /tmp/ccbFA10Y.ltrans5.ltrans.o
LOAD /tmp/ccbFA10Y.ltrans6.ltrans.o
LOAD /tmp/ccbFA10Y.ltrans7.ltrans.o
LOAD /tmp/ccbFA10Y.ltrans8.ltrans.o
LOAD /tmp/ccbFA10Y.ltrans9.ltrans.o
LOAD /tmp/ccbFA10Y.ltrans10.ltrans.o
LOAD /tmp/ccbFA10Y.ltrans11.ltrans.o
LOAD /tmp/ccbFA10Y.ltrans12.ltrans.o
LOAD /opt/Freescale/KDS_v3/toolchain/bin/../lib/gcc/arm-none-eabi/4.8.4/armv6-m/libgcc.a
LOAD /opt/Freescale/KDS_v3/toolchain/bin/../lib/gcc/arm-none-eabi/4.8.4/../../../../arm-none-eabi/lib/armv6-m/libg_s.a
LOAD /opt/Freescale/KDS_v3/toolchain/bin/../lib/gcc/arm-none-eabi/4.8.4/../../../../arm-none-eabi/lib/armv6-m/libc_s.a
LOAD /opt/Freescale/KDS_v3/toolchain/bin/../lib/gcc/arm-none-eabi/4.8.4/armv6-m/libgcc.a
LOAD /opt/Freescale/KDS_v3/toolchain/bin/../lib/gcc/arm-none-eabi/4.8.4/../../../../arm-none-eabi/lib/armv6-m/libc_s.a
LOAD /opt/Freescale/KDS_v3/toolchain/bin/../lib/gcc/arm-none-eabi/4.8.4/../../../../arm-none-eabi/lib/armv6-m/libnosys.a
LOAD /opt/Freescale/KDS_v3/toolchain/bin/../lib/gcc/arm-none-eabi/4.8.4/armv6-m/libgcc.a
LOAD /opt/Freescale/KDS_v3/toolchain/bin/../lib/gcc/arm-none-eabi/4.8.4/../../../../arm-none-eabi/lib/armv6-m/libc_s.a
LOAD /opt/Freescale/KDS_v3/toolchain/bin/../lib/gcc/arm-none-eabi/4.8.4/../../../../arm-none-eabi/lib/armv6-m/libnosys.a
LOAD ./utilities/fsl_notifier.o
LOAD ./utilities/fsl_sbrk.o
LOAD ./utilities/fsl_shell.o
LOAD ./uLipeRtosV4/source/arch/OsPort_M0.o
LOAD ./uLipeRtosV4/source/arch/OsPort_M0_a.o
LOAD ./uLipeRtosV4/source/arch/OsPort_M7.o
LOAD ./uLipeRtosV4/source/arch/OsPort_M7_a.o
LOAD ./uLipeRtosV4/source/OsCpuMsg.o
LOAD ./uLipeRtosV4/source/OsFlags.o
LOAD ./uLipeRtosV4/source/OsKernel.o
LOAD ./uLipeRtosV4/source/OsMutex.o
LOAD ./uLipeRtosV4/source/OsQueue.o
LOAD ./uLipeRtosV4/source/OsSem.o
LOAD ./uLipeRtosV4/source/OsTask.o
LOAD ./startup/startup_MKL25Z4.o
LOAD ./startup/system_MKL25Z4.o
LOAD ./source/main.o
LOAD ./drivers/fsl_adc16.o
LOAD ./drivers/fsl_clock.o
LOAD ./drivers/fsl_cmp.o
LOAD ./drivers/fsl_common.o
LOAD ./drivers/fsl_cop.o
LOAD ./drivers/fsl_dac.o
LOAD ./drivers/fsl_dma.o
LOAD ./drivers/fsl_dmamux.o
LOAD ./drivers/fsl_flash.o
LOAD ./drivers/fsl_gpio.o
LOAD ./drivers/fsl_i2c.o
LOAD ./drivers/fsl_i2c_dma.o
LOAD ./drivers/fsl_llwu.o
LOAD ./drivers/fsl_lpsci.o
LOAD ./drivers/fsl_lpsci_dma.o
LOAD ./drivers/fsl_lptmr.o
LOAD ./drivers/fsl_pit.o
LOAD ./drivers/fsl_pmc.o
LOAD ./drivers/fsl_rcm.o
LOAD ./drivers/fsl_rtc.o
LOAD ./drivers/fsl_sim.o
LOAD ./drivers/fsl_smc.o
LOAD ./drivers/fsl_spi.o
LOAD ./drivers/fsl_spi_dma.o
LOAD ./drivers/fsl_tpm.o
LOAD ./drivers/fsl_tsi_v4.o
LOAD ./drivers/fsl_uart.o
LOAD ./drivers/fsl_uart_dma.o
LOAD ./board/board.o
LOAD ./board/clock_config.o
LOAD ./board/pin_mux.o
LOAD /opt/Freescale/KDS_v3/toolchain/bin/../lib/gcc/arm-none-eabi/4.8.4/../../../../arm-none-eabi/lib/armv6-m/libstdc++_s.a
LOAD /opt/Freescale/KDS_v3/toolchain/bin/../lib/gcc/arm-none-eabi/4.8.4/../../../../arm-none-eabi/lib/armv6-m/libm.a
START GROUP
LOAD /opt/Freescale/KDS_v3/toolchain/bin/../lib/gcc/arm-none-eabi/4.8.4/armv6-m/libgcc.a
LOAD /opt/Freescale/KDS_v3/toolchain/bin/../lib/gcc/arm-none-eabi/4.8.4/../../../../arm-none-eabi/lib/armv6-m/libg_s.a
LOAD /opt/Freescale/KDS_v3/toolchain/bin/../lib/gcc/arm-none-eabi/4.8.4/../../../../arm-none-eabi/lib/armv6-m/libc_s.a
END GROUP
START GROUP
LOAD /opt/Freescale/KDS_v3/toolchain/bin/../lib/gcc/arm-none-eabi/4.8.4/armv6-m/libgcc.a
LOAD /opt/Freescale/KDS_v3/toolchain/bin/../lib/gcc/arm-none-eabi/4.8.4/../../../../arm-none-eabi/lib/armv6-m/libc_s.a
LOAD /opt/Freescale/KDS_v3/toolchain/bin/../lib/gcc/arm-none-eabi/4.8.4/../../../../arm-none-eabi/lib/armv6-m/libnosys.a
END GROUP
START GROUP
LOAD /opt/Freescale/KDS_v3/toolchain/bin/../lib/gcc/arm-none-eabi/4.8.4/armv6-m/libgcc.a
LOAD /opt/Freescale/KDS_v3/toolchain/bin/../lib/gcc/arm-none-eabi/4.8.4/../../../../arm-none-eabi/lib/armv6-m/libc_s.a
LOAD /opt/Freescale/KDS_v3/toolchain/bin/../lib/gcc/arm-none-eabi/4.8.4/../../../../arm-none-eabi/lib/armv6-m/libnosys.a
END GROUP
LOAD /opt/Freescale/KDS_v3/toolchain/bin/../lib/gcc/arm-none-eabi/4.8.4/armv6-m/crtend.o
LOAD /opt/Freescale/KDS_v3/toolchain/bin/../lib/gcc/arm-none-eabi/4.8.4/armv6-m/crtn.o
                0x00000400                HEAP_SIZE = DEFINED (__heap_size__)?__heap_size__:0x400
                0x00000400                STACK_SIZE = DEFINED (__stack_size__)?__stack_size__:0x400
                0x00000000                M_VECTOR_RAM_SIZE = DEFINED (__ram_vector_table__)?0x200:0x0

.interrupts     0x00000000       0xc0
                0x00000000                __VECTOR_TABLE = .
                0x00000000                . = ALIGN (0x4)
 *(.isr_vector)
 .isr_vector    0x00000000       0xc0 ./startup/startup_MKL25Z4.o
                0x00000000                __isr_vector
                0x000000c0                . = ALIGN (0x4)

.flash_config   0x00000400       0x10
                0x00000400                . = ALIGN (0x4)
 *(.FlashConfig)
 .FlashConfig   0x00000400       0x10 ./startup/startup_MKL25Z4.o
                0x00000410                . = ALIGN (0x4)

.text           0x00000410     0x27d4
                0x00000410                . = ALIGN (0x4)
 *(.text)
 .text          0x00000410       0x60 /opt/Freescale/KDS_v3/toolchain/bin/../lib/gcc/arm-none-eabi/4.8.4/armv6-m/crtbegin.o
 .text          0x00000470       0x78 /opt/Freescale/KDS_v3/toolchain/bin/../lib/gcc/arm-none-eabi/4.8.4/../../../../arm-none-eabi/lib/armv6-m/crt0.o
                0x00000470                _mainCRTStartup
                0x00000470                _start
 .text          0x000004e8       0x9c /opt/Freescale/KDS_v3/toolchain/bin/../lib/gcc/arm-none-eabi/4.8.4/armv6-m/libgcc.a(_udivsi3.o)
                0x000004e8                __udivsi3
                0x000004e8                __aeabi_uidiv
                0x00000570                __aeabi_uidivmod
 .text          0x00000584       0xc0 /opt/Freescale/KDS_v3/toolchain/bin/../lib/gcc/arm-none-eabi/4.8.4/armv6-m/libgcc.a(_divsi3.o)
                0x00000584                __aeabi_idiv
                0x00000584                __divsi3
                0x00000630                __aeabi_idivmod
 .text          0x00000644        0x4 /opt/Freescale/KDS_v3/toolchain/bin/../lib/gcc/arm-none-eabi/4.8.4/armv6-m/libgcc.a(_dvmd_tls.o)
                0x00000644                __aeabi_ldiv0
                0x00000644                __aeabi_idiv0
 .text          0x00000648       0xa0 ./uLipeRtosV4/source/arch/OsPort_M0_a.o
                0x00000648                uLipeEnterCritical
                0x00000650                uLipeExitCritical
                0x00000656                uLipeMemCpy
                0x00000658                uLipeMemSet
                0x0000065a                SVC_Handler
                0x00000690                PendSV_Handler
                0x000006d0                SysTick_Handler
 .text          0x000006e8       0xc8 ./startup/startup_MKL25Z4.o
                0x000006e8                Reset_Handler
                0x00000728                TPM0_IRQHandler
                0x00000728                LLWU_IRQHandler
                0x00000728                ADC0_IRQHandler
                0x00000728                Reserved39_IRQHandler
                0x00000728                DefaultISR
                0x00000728                PORTD_IRQHandler
                0x00000728                TPM2_IRQHandler
                0x00000728                RTC_IRQHandler
                0x00000728                RTC_Seconds_IRQHandler
                0x00000728                MCG_IRQHandler
                0x00000728                Reserved20_IRQHandler
                0x00000728                USB0_IRQHandler
                0x00000728                PIT_IRQHandler
                0x00000728                DAC0_IRQHandler
                0x00000728                Reserved45_IRQHandler
                0x00000728                TPM1_IRQHandler
                0x00000728                LVD_LVW_IRQHandler
                0x00000728                PORTA_IRQHandler
                0x00000728                FTFA_IRQHandler
                0x00000728                LPTMR0_IRQHandler
                0x00000728                CMP0_IRQHandler
                0x0000072c                NMI_Handler
                0x00000730                HardFault_Handler
                0x00000740                DMA0_IRQHandler
                0x00000744                DMA1_IRQHandler
                0x00000748                DMA2_IRQHandler
                0x0000074c                DMA3_IRQHandler
                0x00000750                I2C0_IRQHandler
                0x00000754                I2C1_IRQHandler
                0x00000758                SPI0_IRQHandler
                0x0000075c                SPI1_IRQHandler
                0x00000760                UART0_IRQHandler
                0x00000764                UART1_IRQHandler
                0x00000768                UART2_IRQHandler
 *(.text*)
 .text.UART1_DriverIRQHandler
                0x000007b0       0x24 /tmp/ccbFA10Y.ltrans0.ltrans.o
                0x000007b0                UART1_DriverIRQHandler
 .text.UART2_DriverIRQHandler
                0x000007d4       0x24 /tmp/ccbFA10Y.ltrans0.ltrans.o
                0x000007d4                UART2_DriverIRQHandler
 .text.CLOCK_SetSimSafeDivs.9224.4103
                0x000007f8       0x1c /tmp/ccbFA10Y.ltrans0.ltrans.o
 .text.CLOCK_SetXtal0Freq.9227.4100
                0x00000814       0x18 /tmp/ccbFA10Y.ltrans0.ltrans.o
 .text.BOARD_BootClockRUN
                0x0000082c       0x68 /tmp/ccbFA10Y.ltrans0.ltrans.o
                0x0000082c                BOARD_BootClockRUN
 .text.BOARD_InitOsc0.4077
                0x00000894       0x2c /tmp/ccbFA10Y.ltrans0.ltrans.o
 .text.CLOCK_EnableClock.9329.4071
                0x000008c0       0x34 /tmp/ccbFA10Y.ltrans0.ltrans.o
 .text.PORT_SetPinMux.9335.4028
                0x000008f4       0x3c /tmp/ccbFA10Y.ltrans0.ltrans.o
 .text.BOARD_InitPins
                0x00000930       0x68 /tmp/ccbFA10Y.ltrans0.ltrans.o
                0x00000930                BOARD_InitPins
 .text.BOARD_InitTOUCH
                0x00000998       0x4c /tmp/ccbFA10Y.ltrans0.ltrans.o
                0x00000998                BOARD_InitTOUCH
 .text.TSI_ClearStatusFlags
                0x000009e4       0x44 /tmp/ccbFA10Y.ltrans1.ltrans.o
                0x000009e4                TSI_ClearStatusFlags
 .text.SPI_CommonIRQHandler.8266.4338
                0x00000a28       0x54 /tmp/ccbFA10Y.ltrans2.ltrans.o
 .text.SPI0_DriverIRQHandler
                0x00000a7c       0x3c /tmp/ccbFA10Y.ltrans2.ltrans.o
                0x00000a7c                SPI0_DriverIRQHandler
 .text.SPI1_DriverIRQHandler
                0x00000ab8       0x3c /tmp/ccbFA10Y.ltrans2.ltrans.o
                0x00000ab8                SPI1_DriverIRQHandler
 .text.UART0_DriverIRQHandler
                0x00000af4       0x24 /tmp/ccbFA10Y.ltrans4.ltrans.o
                0x00000af4                UART0_DriverIRQHandler
 .text.I2C0_DriverIRQHandler
                0x00000b18       0x20 /tmp/ccbFA10Y.ltrans5.ltrans.o
                0x00000b18                I2C0_DriverIRQHandler
 .text.I2C1_DriverIRQHandler
                0x00000b38       0x20 /tmp/ccbFA10Y.ltrans5.ltrans.o
                0x00000b38                I2C1_DriverIRQHandler
 .text.I2C_TransferCommonIRQHandler.6717
                0x00000b58       0x58 /tmp/ccbFA10Y.ltrans6.ltrans.o
                0x00000b58                I2C_TransferCommonIRQHandler.6717
 .text.DMA_ClearChannelStatusFlags.6074.4272
                0x00000bb0       0x60 /tmp/ccbFA10Y.ltrans8.ltrans.o
 .text.DMA_HandleIRQ.4166
                0x00000c10       0x60 /tmp/ccbFA10Y.ltrans8.ltrans.o
 .text.DMA0_DriverIRQHandler
                0x00000c70       0x18 /tmp/ccbFA10Y.ltrans8.ltrans.o
                0x00000c70                DMA0_DriverIRQHandler
 .text.DMA1_DriverIRQHandler
                0x00000c88       0x18 /tmp/ccbFA10Y.ltrans8.ltrans.o
                0x00000c88                DMA1_DriverIRQHandler
 .text.DMA2_DriverIRQHandler
                0x00000ca0       0x18 /tmp/ccbFA10Y.ltrans8.ltrans.o
                0x00000ca0                DMA2_DriverIRQHandler
 .text.DMA3_DriverIRQHandler
                0x00000cb8       0x18 /tmp/ccbFA10Y.ltrans8.ltrans.o
                0x00000cb8                DMA3_DriverIRQHandler
 .text.CLOCK_SetPbeMode.4271
                0x00000cd0       0xbc /tmp/ccbFA10Y.ltrans9.ltrans.o
 .text.CLOCK_BootToPeeMode
                0x00000d8c       0x80 /tmp/ccbFA10Y.ltrans9.ltrans.o
                0x00000d8c                CLOCK_BootToPeeMode
 .text.__assert_func
                0x00000e0c       0x28 /tmp/ccbFA10Y.ltrans9.ltrans.o
                0x00000e0c                __assert_func
 .text.TSI0_IRQHandler
                0x00000e34       0x4c /tmp/ccbFA10Y.ltrans10.ltrans.o
                0x00000e34                TSI0_IRQHandler
 .text.main     0x00000e80       0x40 /tmp/ccbFA10Y.ltrans10.ltrans.o
                0x00000e80                main
 .text.CLOCK_SetEr32kClock.5341.4183
                0x00000ec0       0x30 /tmp/ccbFA10Y.ltrans10.ltrans.o
 .text.CLOCK_SetPllFllSelClock.5346.4180
                0x00000ef0       0x38 /tmp/ccbFA10Y.ltrans10.ltrans.o
 .text.OSC_SetExtRefClkConfig.5349.4176
                0x00000f28       0x48 /tmp/ccbFA10Y.ltrans10.ltrans.o
 .text.OSC_SetCapLoad.5361.4169
                0x00000f70       0x4c /tmp/ccbFA10Y.ltrans10.ltrans.o
 .text.CLOCK_GetOscRangeFromFreq.5377.4156
                0x00000fbc       0x4c /tmp/ccbFA10Y.ltrans10.ltrans.o
 .text.CLOCK_SetSimConfig
                0x00001008       0x34 /tmp/ccbFA10Y.ltrans10.ltrans.o
                0x00001008                CLOCK_SetSimConfig
 .text.CLOCK_SetExternalRefClkConfig
                0x0000103c       0x40 /tmp/ccbFA10Y.ltrans10.ltrans.o
                0x0000103c                CLOCK_SetExternalRefClkConfig
 .text.CLOCK_SetInternalRefClkConfig
                0x0000107c      0x11c /tmp/ccbFA10Y.ltrans10.ltrans.o
                0x0000107c                CLOCK_SetInternalRefClkConfig
 .text.CLOCK_EnablePll0
                0x00001198       0xa4 /tmp/ccbFA10Y.ltrans10.ltrans.o
                0x00001198                CLOCK_EnablePll0
 .text.CLOCK_InitOsc0
                0x0000123c       0x94 /tmp/ccbFA10Y.ltrans10.ltrans.o
                0x0000123c                CLOCK_InitOsc0
 .text.uLipeInitMachine.4268
                0x000012d0       0x48 /tmp/ccbFA10Y.ltrans11.ltrans.o
 .text.uLipeStackInit.4263
                0x00001318       0xb0 /tmp/ccbFA10Y.ltrans11.ltrans.o
 .text.uLipePortChange.4261
                0x000013c8       0x1c /tmp/ccbFA10Y.ltrans11.ltrans.o
 .text.uLipeFlagsInit.4259
                0x000013e4       0x14 /tmp/ccbFA10Y.ltrans11.ltrans.o
 .text.uLipeFlagsPost
                0x000013f8       0x1c /tmp/ccbFA10Y.ltrans11.ltrans.o
                0x000013f8                uLipeFlagsPost
 .text.uLipePrioSet.4502.4239
                0x00001414       0x74 /tmp/ccbFA10Y.ltrans11.ltrans.o
 .text.uLipePrioClr.4515.4235
                0x00001488       0x88 /tmp/ccbFA10Y.ltrans11.ltrans.o
 .text.uLipeKernelIdleTask.4208
                0x00001510        0xc /tmp/ccbFA10Y.ltrans11.ltrans.o
 .text.uLipeKernelClz.4522.4232
                0x0000151c       0xa0 /tmp/ccbFA10Y.ltrans11.ltrans.o
 .text.uLipeTaskEntry.4124
                0x000015bc       0x54 /tmp/ccbFA10Y.ltrans11.ltrans.o
 .text.uLipeKernelIrqIn
                0x00001610       0x34 /tmp/ccbFA10Y.ltrans11.ltrans.o
                0x00001610                uLipeKernelIrqIn
 .text.uLipeKernelIrqOut
                0x00001644       0x38 /tmp/ccbFA10Y.ltrans11.ltrans.o
                0x00001644                uLipeKernelIrqOut
 .text.uLipeKernelFindHighPrio.4225
                0x0000167c       0xd0 /tmp/ccbFA10Y.ltrans11.ltrans.o
 .text.uLipeKernelTaskYield.4223
                0x0000174c       0x68 /tmp/ccbFA10Y.ltrans11.ltrans.o
 .text.uLipeKernelRtosTick
                0x000017b4      0x18c /tmp/ccbFA10Y.ltrans11.ltrans.o
                0x000017b4                uLipeKernelRtosTick
 .text.uLipeKernelObjSet.4211
                0x00001940       0x50 /tmp/ccbFA10Y.ltrans11.ltrans.o
 .text.uLipeRtosInit
                0x00001990       0x90 /tmp/ccbFA10Y.ltrans11.ltrans.o
                0x00001990                uLipeRtosInit
 .text.uLipeRtosStart
                0x00001a20       0x48 /tmp/ccbFA10Y.ltrans11.ltrans.o
                0x00001a20                uLipeRtosStart
 .text.uLipeMutexInit.4202
                0x00001a68       0x14 /tmp/ccbFA10Y.ltrans11.ltrans.o
 .text.uLipeQueueInit.4187
                0x00001a7c       0x14 /tmp/ccbFA10Y.ltrans11.ltrans.o
 .text.uLipeSemInit.4160
                0x00001a90        0x8 /tmp/ccbFA10Y.ltrans11.ltrans.o
 .text.uLipePrioSet.4748.4138
                0x00001a98       0x74 /tmp/ccbFA10Y.ltrans11.ltrans.o
 .text.uLipePrioClr.4761.4130
                0x00001b0c       0x88 /tmp/ccbFA10Y.ltrans11.ltrans.o
 .text.uLipeTaskInit.4128
                0x00001b94       0x8c /tmp/ccbFA10Y.ltrans11.ltrans.o
 .text.uLipeTaskCreate
                0x00001c20      0x154 /tmp/ccbFA10Y.ltrans11.ltrans.o
                0x00001c20                uLipeTaskCreate
 .text.uLipeTaskDelete.4113
                0x00001d74       0x3c /tmp/ccbFA10Y.ltrans11.ltrans.o
 .text.uLipeTaskSuspend.4110
                0x00001db0       0x5c /tmp/ccbFA10Y.ltrans11.ltrans.o
 .text.uLipeTaskDelay.4100
                0x00001e0c       0x88 /tmp/ccbFA10Y.ltrans11.ltrans.o
 .text.SystemInit
                0x00001e94       0x18 /tmp/ccbFA10Y.ltrans11.ltrans.o
                0x00001e94                SystemInit
 .text.TSI_GetStatusFlags.4923
                0x00001eac       0x1c /tmp/ccbFA10Y.ltrans11.ltrans.o
                0x00001eac                TSI_GetStatusFlags.4923
 .text.dly_task.4965
                0x00001ec8       0x10 /tmp/ccbFA10Y.ltrans11.ltrans.o
                0x00001ec8                dly_task.4965
 .text.DbgConsole_Printf
                0x00001ed8       0x48 /tmp/ccbFA10Y.ltrans12.ltrans.o
                0x00001ed8                DbgConsole_Printf
 .text.DbgConsole_Putchar.4174
                0x00001f20       0x38 /tmp/ccbFA10Y.ltrans12.ltrans.o
 .text.DbgConsole_PrintfPaddingCharacter.4085.4159
                0x00001f58       0x48 /tmp/ccbFA10Y.ltrans12.ltrans.o
 .text.DbgConsole_ConvertRadixNumToString.4093.4152
                0x00001fa0      0x114 /tmp/ccbFA10Y.ltrans12.ltrans.o
 .text.DbgConsole_PrintfFormattedData.4100.4146
                0x000020b4      0x344 /tmp/ccbFA10Y.ltrans12.ltrans.o
 .text.strlen   0x000023f8        0xe /opt/Freescale/KDS_v3/toolchain/bin/../lib/gcc/arm-none-eabi/4.8.4/../../../../arm-none-eabi/lib/armv6-m/libg_s.a(lib_a-strlen.o)
                0x000023f8                strlen
 *fill*         0x00002406        0x2 
 .text.exit     0x00002408       0x2c /opt/Freescale/KDS_v3/toolchain/bin/../lib/gcc/arm-none-eabi/4.8.4/../../../../arm-none-eabi/lib/armv6-m/libg_s.a(lib_a-exit.o)
                0x00002408                exit
 .text.__libc_init_array
                0x00002434       0x4c /opt/Freescale/KDS_v3/toolchain/bin/../lib/gcc/arm-none-eabi/4.8.4/../../../../arm-none-eabi/lib/armv6-m/libg_s.a(lib_a-init.o)
                0x00002434                __libc_init_array
 .text.memset   0x00002480       0x10 /opt/Freescale/KDS_v3/toolchain/bin/../lib/gcc/arm-none-eabi/4.8.4/../../../../arm-none-eabi/lib/armv6-m/libg_s.a(lib_a-memset.o)
                0x00002480                memset
 .text._exit    0x00002490        0x4 /opt/Freescale/KDS_v3/toolchain/bin/../lib/gcc/arm-none-eabi/4.8.4/../../../../arm-none-eabi/lib/armv6-m/libnosys.a(_exit.o)
                0x00002490                _exit
 *(.rodata)
 .rodata        0x00002494      0x124 /tmp/ccbFA10Y.ltrans0.ltrans.o
 .rodata        0x000025b8      0x1e4 /tmp/ccbFA10Y.ltrans2.ltrans.o
 .rodata        0x0000279c      0x1c0 /tmp/ccbFA10Y.ltrans8.ltrans.o
 .rodata        0x0000295c      0x108 /tmp/ccbFA10Y.ltrans9.ltrans.o
 .rodata        0x00002a64       0xb8 /tmp/ccbFA10Y.ltrans10.ltrans.o
 *(.rodata*)
 .rodata.clz_lkup.4568
                0x00002b1c       0x10 /tmp/ccbFA10Y.ltrans12.ltrans.o
                0x00002b1c                clz_lkup.4568
 .rodata.__func__.5573.5584
                0x00002b2c       0x14 /tmp/ccbFA10Y.ltrans12.ltrans.o
                0x00002b2c                __func__.5573.5584
 .rodata.__func__.5704.5586
                0x00002b40       0x14 /tmp/ccbFA10Y.ltrans12.ltrans.o
                0x00002b40                __func__.5704.5586
 .rodata.__func__.5768.5587
                0x00002b54       0x14 /tmp/ccbFA10Y.ltrans12.ltrans.o
                0x00002b54                __func__.5768.5587
 .rodata.__func__.5672.6195
                0x00002b68       0x10 /tmp/ccbFA10Y.ltrans12.ltrans.o
                0x00002b68                __func__.5672.6195
 .rodata.__func__.5540.6182
                0x00002b78       0x1c /tmp/ccbFA10Y.ltrans12.ltrans.o
                0x00002b78                __func__.5540.6182
 .rodata.__func__.5771.8294
                0x00002b94       0x18 /tmp/ccbFA10Y.ltrans12.ltrans.o
                0x00002b94                __func__.5771.8294
 .rodata.__func__.5775.8295
                0x00002bac       0x18 /tmp/ccbFA10Y.ltrans12.ltrans.o
                0x00002bac                __func__.5775.8295
 .rodata.str1.1
                0x00002bc4        0x2 /opt/Freescale/KDS_v3/toolchain/bin/../lib/gcc/arm-none-eabi/4.8.4/../../../../arm-none-eabi/lib/armv6-m/libg_s.a(lib_a-impure.o)
 *fill*         0x00002bc6        0x2 
 .rodata._global_impure_ptr
                0x00002bc8        0x4 /opt/Freescale/KDS_v3/toolchain/bin/../lib/gcc/arm-none-eabi/4.8.4/../../../../arm-none-eabi/lib/armv6-m/libg_s.a(lib_a-impure.o)
                0x00002bc8                _global_impure_ptr
 *(.glue_7)
 .glue_7        0x00000000        0x0 linker stubs
 *(.glue_7t)
 .glue_7t       0x00000000        0x0 linker stubs
 *(.eh_frame)
 .eh_frame      0x00002bcc        0x0 /opt/Freescale/KDS_v3/toolchain/bin/../lib/gcc/arm-none-eabi/4.8.4/armv6-m/crtbegin.o
 *(.init)
 .init          0x00002bcc        0x4 /opt/Freescale/KDS_v3/toolchain/bin/../lib/gcc/arm-none-eabi/4.8.4/armv6-m/crti.o
                0x00002bcc                _init
 .init          0x00002bd0        0x8 /opt/Freescale/KDS_v3/toolchain/bin/../lib/gcc/arm-none-eabi/4.8.4/armv6-m/crtn.o
 *(.fini)
 .fini          0x00002bd8        0x4 /opt/Freescale/KDS_v3/toolchain/bin/../lib/gcc/arm-none-eabi/4.8.4/armv6-m/crti.o
                0x00002bd8                _fini
 .fini          0x00002bdc        0x8 /opt/Freescale/KDS_v3/toolchain/bin/../lib/gcc/arm-none-eabi/4.8.4/armv6-m/crtn.o
                0x00002be4                . = ALIGN (0x4)

.vfp11_veneer   0x00002be4        0x0
 .vfp11_veneer  0x00000000        0x0 linker stubs

.v4_bx          0x00002be4        0x0
 .v4_bx         0x00000000        0x0 linker stubs

.iplt           0x00002be4        0x0
 .iplt          0x00000000        0x0 /opt/Freescale/KDS_v3/toolchain/bin/../lib/gcc/arm-none-eabi/4.8.4/armv6-m/crtbegin.o

.ARM.extab
 *(.ARM.extab* .gnu.linkonce.armextab.*)

.ARM            0x00002be4        0x8
                0x00002be4                __exidx_start = .
 *(.ARM.exidx*)
 .ARM.exidx     0x00002be4        0x8 /opt/Freescale/KDS_v3/toolchain/bin/../lib/gcc/arm-none-eabi/4.8.4/../../../../arm-none-eabi/lib/armv6-m/crt0.o
                0x00002bec                __exidx_end = .

.rel.dyn        0x00002bec        0x0
 .rel.iplt      0x00000000        0x0 /opt/Freescale/KDS_v3/toolchain/bin/../lib/gcc/arm-none-eabi/4.8.4/armv6-m/crtbegin.o

.ctors          0x00002bec        0x0
                0x00002bec                __CTOR_LIST__ = .
 *crtbegin.o(.ctors)
 *crtbegin?.o(.ctors)
 *(EXCLUDE_FILE(*crtend.o *crtend?.o) .ctors)
 *(SORT(.ctors.*))
 *(.ctors)
                0x00002bec                __CTOR_END__ = .

.dtors          0x00002bec        0x0
                0x00002bec                __DTOR_LIST__ = .
 *crtbegin.o(.dtors)
 *crtbegin?.o(.dtors)
 *(EXCLUDE_FILE(*crtend.o *crtend?.o) .dtors)
 *(SORT(.dtors.*))
 *(.dtors)
                0x00002bec                __DTOR_END__ = .

.preinit_array  0x00002bec        0x0
                0x00002bec                PROVIDE (__preinit_array_start, .)
 *(.preinit_array*)
                0x00002bec                PROVIDE (__preinit_array_end, .)

.init_array     0x00002bec        0x4
                0x00002bec                PROVIDE (__init_array_start, .)
 *(SORT(.init_array.*))
 *(.init_array*)
 .init_array    0x00002bec        0x4 /opt/Freescale/KDS_v3/toolchain/bin/../lib/gcc/arm-none-eabi/4.8.4/armv6-m/crtbegin.o
                0x00002bf0                PROVIDE (__init_array_end, .)

.fini_array     0x00002bf0        0x4
                0x00002bf0                PROVIDE (__fini_array_start, .)
 *(SORT(.fini_array.*))
 *(.fini_array*)
 .fini_array    0x00002bf0        0x4 /opt/Freescale/KDS_v3/toolchain/bin/../lib/gcc/arm-none-eabi/4.8.4/armv6-m/crtbegin.o
                0x00002bf4                PROVIDE (__fini_array_end, .)
                0x00002bf4                __etext = .
                0x00002bf4                __DATA_ROM = .

.mtb            0x1ffff000        0x0
                0x1ffff000                . = ALIGN (0x8)
                0x1ffff000                _mtb_start = .
 *(.mtb_buf)
                0x1ffff000                . = ALIGN (0x8)
                0x1ffff000                _mtb_end = .

.interrupts_ram
                0x1ffff000        0x0
                0x1ffff000                . = ALIGN (0x4)
                0x1ffff000                __VECTOR_RAM__ = .
                0x1ffff000                __interrupts_ram_start__ = .
 *(.m_interrupts_ram)
                0x1ffff000                . = (. + M_VECTOR_RAM_SIZE)
                0x1ffff000                . = ALIGN (0x4)
                0x1ffff000                __interrupts_ram_end__ = .
                0x00000000                __VECTOR_RAM = DEFINED (__ram_vector_table__)?__VECTOR_RAM__:ORIGIN (m_interrupts)
                0x00000000                __RAM_VECTOR_TABLE_SIZE_BYTES = DEFINED (__ram_vector_table__)?(__interrupts_ram_end__ - __interrupts_ram_start__):0x0

.data           0x1ffff000       0x68 load address 0x00002bf4
                0x1ffff000                . = ALIGN (0x4)
                0x1ffff000                __DATA_RAM = .
                0x1ffff000                __data_start__ = .
 *(.data)
 *(.data*)
 .data.SystemCoreClock
                0x1ffff000        0x4 /tmp/ccbFA10Y.ltrans12.ltrans.o
                0x1ffff000                SystemCoreClock
 .data.impure_data
                0x1ffff004       0x60 /opt/Freescale/KDS_v3/toolchain/bin/../lib/gcc/arm-none-eabi/4.8.4/../../../../arm-none-eabi/lib/armv6-m/libg_s.a(lib_a-impure.o)
 *(.jcr*)
 .jcr           0x1ffff064        0x0 /opt/Freescale/KDS_v3/toolchain/bin/../lib/gcc/arm-none-eabi/4.8.4/armv6-m/crtbegin.o
 .jcr           0x1ffff064        0x4 /opt/Freescale/KDS_v3/toolchain/bin/../lib/gcc/arm-none-eabi/4.8.4/armv6-m/crtend.o
                0x1ffff068                . = ALIGN (0x4)
                0x1ffff068                __data_end__ = .
                0x00002c5c                __DATA_END = (__DATA_ROM + (__data_end__ - __data_start__))
                0x00020000                text_end = (ORIGIN (m_text) + 0x1fbf0)
                0x00000001                ASSERT ((__DATA_END <= text_end), region m_text overflowed with text and data)
                0x00000000                USB_RAM_GAP = DEFINED (__usb_ram_size__)?__usb_ram_size__:0x0

.igot.plt       0x1ffff068        0x0 load address 0x00002c5c
 .igot.plt      0x00000000        0x0 /opt/Freescale/KDS_v3/toolchain/bin/../lib/gcc/arm-none-eabi/4.8.4/armv6-m/crtbegin.o

.bss            0x1ffff068      0x398 load address 0x00002c5c
                0x1ffff068                . = ALIGN (0x4)
                0x1ffff068                __START_BSS = .
                0x1ffff068                __bss_start__ = .
 *(.bss)
 .bss           0x1ffff068       0x1c /opt/Freescale/KDS_v3/toolchain/bin/../lib/gcc/arm-none-eabi/4.8.4/armv6-m/crtbegin.o
 *(.bss*)
 .bss.s_debugConsole.4158.4352
                0x1ffff084       0x10 /tmp/ccbFA10Y.ltrans12.ltrans.o
 .bss.taskPrioList
                0x1ffff094        0x8 /tmp/ccbFA10Y.ltrans12.ltrans.o
                0x1ffff094                taskPrioList
 .bss.timerPendingList
                0x1ffff09c       0x14 /tmp/ccbFA10Y.ltrans12.ltrans.o
                0x1ffff09c                timerPendingList
 .bss.currentTask
                0x1ffff0b0        0x4 /tmp/ccbFA10Y.ltrans12.ltrans.o
                0x1ffff0b0                currentTask
 .bss.highPrioTask
                0x1ffff0b4        0x4 /tmp/ccbFA10Y.ltrans12.ltrans.o
                0x1ffff0b4                highPrioTask
 .bss.tickCounter
                0x1ffff0b8        0x4 /tmp/ccbFA10Y.ltrans12.ltrans.o
                0x1ffff0b8                tickCounter
 .bss.osConfigured
                0x1ffff0bc        0x1 /tmp/ccbFA10Y.ltrans12.ltrans.o
                0x1ffff0bc                osConfigured
 .bss.osRunning
                0x1ffff0bd        0x1 /tmp/ccbFA10Y.ltrans12.ltrans.o
                0x1ffff0bd                osRunning
 .bss.irqCounter
                0x1ffff0be        0x2 /tmp/ccbFA10Y.ltrans12.ltrans.o
                0x1ffff0be                irqCounter
 .bss.idleTaskStack
                0x1ffff0c0       0x80 /tmp/ccbFA10Y.ltrans12.ltrans.o
                0x1ffff0c0                idleTaskStack
 .bss.taskTbl   0x1ffff140      0x140 /tmp/ccbFA10Y.ltrans12.ltrans.o
                0x1ffff140                taskTbl
 .bss.tcbPtrTbl
                0x1ffff280       0x20 /tmp/ccbFA10Y.ltrans12.ltrans.o
                0x1ffff280                tcbPtrTbl
 .bss.tasksCount
                0x1ffff2a0        0x2 /tmp/ccbFA10Y.ltrans12.ltrans.o
                0x1ffff2a0                tasksCount
 *fill*         0x1ffff2a2        0x2 
 .bss.dly_stk   0x1ffff2a4      0x100 /tmp/ccbFA10Y.ltrans12.ltrans.o
                0x1ffff2a4                dly_stk
 .bss.flags     0x1ffff3a4        0x4 /tmp/ccbFA10Y.ltrans12.ltrans.o
                0x1ffff3a4                flags
 .bss.g_xtal0Freq
                0x1ffff3a8        0x4 /tmp/ccbFA10Y.ltrans12.ltrans.o
                0x1ffff3a8                g_xtal0Freq
 .bss.s_DMAHandle.6189
                0x1ffff3ac       0x10 /tmp/ccbFA10Y.ltrans12.ltrans.o
                0x1ffff3ac                s_DMAHandle.6189
 .bss.s_i2cHandle.6938
                0x1ffff3bc        0x8 /tmp/ccbFA10Y.ltrans12.ltrans.o
                0x1ffff3bc                s_i2cHandle.6938
 .bss.s_i2cMasterIsr.6928
                0x1ffff3c4        0x4 /tmp/ccbFA10Y.ltrans12.ltrans.o
                0x1ffff3c4                s_i2cMasterIsr.6928
 .bss.s_i2cSlaveIsr.6930
                0x1ffff3c8        0x4 /tmp/ccbFA10Y.ltrans12.ltrans.o
                0x1ffff3c8                s_i2cSlaveIsr.6930
 .bss.s_lpsciHandle.7435
                0x1ffff3cc        0x4 /tmp/ccbFA10Y.ltrans12.ltrans.o
                0x1ffff3cc                s_lpsciHandle.7435
 .bss.s_lpsciIsr.7436
                0x1ffff3d0        0x4 /tmp/ccbFA10Y.ltrans12.ltrans.o
                0x1ffff3d0                s_lpsciIsr.7436
 .bss.s_spiHandle.8283
                0x1ffff3d4        0x8 /tmp/ccbFA10Y.ltrans12.ltrans.o
                0x1ffff3d4                s_spiHandle.8283
 .bss.s_spiMasterIsr.8284
                0x1ffff3dc        0x4 /tmp/ccbFA10Y.ltrans12.ltrans.o
                0x1ffff3dc                s_spiMasterIsr.8284
 .bss.s_spiSlaveIsr.8293
                0x1ffff3e0        0x4 /tmp/ccbFA10Y.ltrans12.ltrans.o
                0x1ffff3e0                s_spiSlaveIsr.8293
 .bss.s_uartHandle.8967
                0x1ffff3e4        0xc /tmp/ccbFA10Y.ltrans12.ltrans.o
                0x1ffff3e4                s_uartHandle.8967
 .bss.s_uartIsr.8968
                0x1ffff3f0        0x4 /tmp/ccbFA10Y.ltrans12.ltrans.o
                0x1ffff3f0                s_uartIsr.8968
                0x1ffff400                . = ALIGN (0x200)
 *fill*         0x1ffff3f4        0xc 
                0x1ffff400                USB_RAM_START = .
                0x1ffff400                . = (. + USB_RAM_GAP)
 *(COMMON)
                0x1ffff400                . = ALIGN (0x4)
                0x1ffff400                __bss_end__ = .
                0x1ffff400                __END_BSS = .

.heap           0x1ffff400      0x400 load address 0x00002ff4
                0x1ffff400                . = ALIGN (0x8)
                0x1ffff400                __end__ = .
                0x1ffff400                PROVIDE (end, .)
                0x1ffff400                __HeapBase = .
                0x1ffff800                . = (. + HEAP_SIZE)
 *fill*         0x1ffff400      0x400 
                0x1ffff800                __HeapLimit = .
                0x1ffff800                __heap_limit = .

.stack          0x1ffff800      0x400 load address 0x000033f4
                0x1ffff800                . = ALIGN (0x8)
                0x1ffffc00                . = (. + STACK_SIZE)
 *fill*         0x1ffff800      0x400 

m_usb_bdt       0x1ffff400        0x0
 *(m_usb_bdt)
                0x1ffff400                USB_RAM_BDT_END = .

m_usb_global
 *(m_usb_global)
                0x20003000                __StackTop = (ORIGIN (m_data) + 0x4000)
                0x20002c00                __StackLimit = (__StackTop - STACK_SIZE)
                0x20003000                PROVIDE (__stack, __StackTop)

.ARM.attributes
                0x00000000       0x28
 *(.ARM.attributes)
 .ARM.attributes
                0x00000000       0x1e /opt/Freescale/KDS_v3/toolchain/bin/../lib/gcc/arm-none-eabi/4.8.4/armv6-m/crti.o
 .ARM.attributes
                0x0000001e       0x2c /opt/Freescale/KDS_v3/toolchain/bin/../lib/gcc/arm-none-eabi/4.8.4/armv6-m/crtbegin.o
 .ARM.attributes
                0x0000004a       0x1b /opt/Freescale/KDS_v3/toolchain/bin/../lib/gcc/arm-none-eabi/4.8.4/../../../../arm-none-eabi/lib/armv6-m/crt0.o
 .ARM.attributes
                0x00000065       0x30 /tmp/ccbFA10Y.ltrans0.ltrans.o
 .ARM.attributes
                0x00000095       0x30 /tmp/ccbFA10Y.ltrans1.ltrans.o
 .ARM.attributes
                0x000000c5       0x30 /tmp/ccbFA10Y.ltrans2.ltrans.o
 .ARM.attributes
                0x000000f5       0x30 /tmp/ccbFA10Y.ltrans4.ltrans.o
 .ARM.attributes
                0x00000125       0x30 /tmp/ccbFA10Y.ltrans5.ltrans.o
 .ARM.attributes
                0x00000155       0x30 /tmp/ccbFA10Y.ltrans6.ltrans.o
 .ARM.attributes
                0x00000185       0x30 /tmp/ccbFA10Y.ltrans8.ltrans.o
 .ARM.attributes
                0x000001b5       0x30 /tmp/ccbFA10Y.ltrans9.ltrans.o
 .ARM.attributes
                0x000001e5       0x30 /tmp/ccbFA10Y.ltrans10.ltrans.o
 .ARM.attributes
                0x00000215       0x30 /tmp/ccbFA10Y.ltrans11.ltrans.o
 .ARM.attributes
                0x00000245       0x30 /tmp/ccbFA10Y.ltrans12.ltrans.o
 .ARM.attributes
                0x00000275       0x1e /opt/Freescale/KDS_v3/toolchain/bin/../lib/gcc/arm-none-eabi/4.8.4/armv6-m/libgcc.a(_udivsi3.o)
 .ARM.attributes
                0x00000293       0x1e /opt/Freescale/KDS_v3/toolchain/bin/../lib/gcc/arm-none-eabi/4.8.4/armv6-m/libgcc.a(_divsi3.o)
 .ARM.attributes
                0x000002b1       0x1e /opt/Freescale/KDS_v3/toolchain/bin/../lib/gcc/arm-none-eabi/4.8.4/armv6-m/libgcc.a(_dvmd_tls.o)
 .ARM.attributes
                0x000002cf       0x2c /opt/Freescale/KDS_v3/toolchain/bin/../lib/gcc/arm-none-eabi/4.8.4/../../../../arm-none-eabi/lib/armv6-m/libg_s.a(lib_a-strlen.o)
 .ARM.attributes
                0x000002fb       0x22 ./uLipeRtosV4/source/arch/OsPort_M0_a.o
 .ARM.attributes
                0x0000031d       0x1b ./startup/startup_MKL25Z4.o
 .ARM.attributes
                0x00000338       0x2c /opt/Freescale/KDS_v3/toolchain/bin/../lib/gcc/arm-none-eabi/4.8.4/../../../../arm-none-eabi/lib/armv6-m/libg_s.a(lib_a-exit.o)
 .ARM.attributes
                0x00000364       0x2c /opt/Freescale/KDS_v3/toolchain/bin/../lib/gcc/arm-none-eabi/4.8.4/../../../../arm-none-eabi/lib/armv6-m/libg_s.a(lib_a-impure.o)
 .ARM.attributes
                0x00000390       0x2c /opt/Freescale/KDS_v3/toolchain/bin/../lib/gcc/arm-none-eabi/4.8.4/../../../../arm-none-eabi/lib/armv6-m/libg_s.a(lib_a-init.o)
 .ARM.attributes
                0x000003bc       0x2c /opt/Freescale/KDS_v3/toolchain/bin/../lib/gcc/arm-none-eabi/4.8.4/../../../../arm-none-eabi/lib/armv6-m/libg_s.a(lib_a-memset.o)
 .ARM.attributes
                0x000003e8       0x2c /opt/Freescale/KDS_v3/toolchain/bin/../lib/gcc/arm-none-eabi/4.8.4/../../../../arm-none-eabi/lib/armv6-m/libnosys.a(_exit.o)
 .ARM.attributes
                0x00000414       0x2c /opt/Freescale/KDS_v3/toolchain/bin/../lib/gcc/arm-none-eabi/4.8.4/armv6-m/crtend.o
 .ARM.attributes
                0x00000440       0x1e /opt/Freescale/KDS_v3/toolchain/bin/../lib/gcc/arm-none-eabi/4.8.4/armv6-m/crtn.o
                0x00000001                ASSERT ((__StackLimit >= __HeapLimit), region m_data overflowed with stack and heap)
OUTPUT(rtos_lhc.elf elf32-littlearm)

.debug_info     0x00000000    0x15d6c
 .debug_info    0x00000000     0x1510 /tmp/ccbFA10Y.ltrans0.ltrans.o
 .debug_info    0x00001510     0x136d /tmp/ccbFA10Y.ltrans1.ltrans.o
 .debug_info    0x0000287d     0x1e22 /tmp/ccbFA10Y.ltrans2.ltrans.o
 .debug_info    0x0000469f     0x1009 /tmp/ccbFA10Y.ltrans4.ltrans.o
 .debug_info    0x000056a8     0x19a9 /tmp/ccbFA10Y.ltrans5.ltrans.o
 .debug_info    0x00007051      0xf30 /tmp/ccbFA10Y.ltrans6.ltrans.o
 .debug_info    0x00007f81     0x1bfd /tmp/ccbFA10Y.ltrans8.ltrans.o
 .debug_info    0x00009b7e     0x1437 /tmp/ccbFA10Y.ltrans9.ltrans.o
 .debug_info    0x0000afb5     0x18b6 /tmp/ccbFA10Y.ltrans10.ltrans.o
 .debug_info    0x0000c86b     0x1f9f /tmp/ccbFA10Y.ltrans11.ltrans.o
 .debug_info    0x0000e80a     0x7490 /tmp/ccbFA10Y.ltrans12.ltrans.o
 .debug_info    0x00015c9a       0x6f ./uLipeRtosV4/source/arch/OsPort_M0_a.o
 .debug_info    0x00015d09       0x63 ./startup/startup_MKL25Z4.o

.debug_abbrev   0x00000000     0x231f
 .debug_abbrev  0x00000000      0x308 /tmp/ccbFA10Y.ltrans0.ltrans.o
 .debug_abbrev  0x00000308      0x2c2 /tmp/ccbFA10Y.ltrans1.ltrans.o
 .debug_abbrev  0x000005ca      0x2e9 /tmp/ccbFA10Y.ltrans2.ltrans.o
 .debug_abbrev  0x000008b3      0x277 /tmp/ccbFA10Y.ltrans4.ltrans.o
 .debug_abbrev  0x00000b2a      0x349 /tmp/ccbFA10Y.ltrans5.ltrans.o
 .debug_abbrev  0x00000e73      0x1fd /tmp/ccbFA10Y.ltrans6.ltrans.o
 .debug_abbrev  0x00001070      0x2da /tmp/ccbFA10Y.ltrans8.ltrans.o
 .debug_abbrev  0x0000134a      0x358 /tmp/ccbFA10Y.ltrans9.ltrans.o
 .debug_abbrev  0x000016a2      0x362 /tmp/ccbFA10Y.ltrans10.ltrans.o
 .debug_abbrev  0x00001a04      0x3e7 /tmp/ccbFA10Y.ltrans11.ltrans.o
 .debug_abbrev  0x00001deb      0x50c /tmp/ccbFA10Y.ltrans12.ltrans.o
 .debug_abbrev  0x000022f7       0x14 ./uLipeRtosV4/source/arch/OsPort_M0_a.o
 .debug_abbrev  0x0000230b       0x14 ./startup/startup_MKL25Z4.o

.debug_aranges  0x00000000     0x1048
 .debug_aranges
                0x00000000      0x180 /tmp/ccbFA10Y.ltrans0.ltrans.o
 .debug_aranges
                0x00000180      0x120 /tmp/ccbFA10Y.ltrans1.ltrans.o
 .debug_aranges
                0x000002a0      0x1d0 /tmp/ccbFA10Y.ltrans2.ltrans.o
 .debug_aranges
                0x00000470      0x100 /tmp/ccbFA10Y.ltrans4.ltrans.o
 .debug_aranges
                0x00000570      0x168 /tmp/ccbFA10Y.ltrans5.ltrans.o
 .debug_aranges
                0x000006d8       0xe8 /tmp/ccbFA10Y.ltrans6.ltrans.o
 .debug_aranges
                0x000007c0      0x1d8 /tmp/ccbFA10Y.ltrans8.ltrans.o
 .debug_aranges
                0x00000998      0x150 /tmp/ccbFA10Y.ltrans9.ltrans.o
 .debug_aranges
                0x00000ae8      0x1f0 /tmp/ccbFA10Y.ltrans10.ltrans.o
 .debug_aranges
                0x00000cd8      0x238 /tmp/ccbFA10Y.ltrans11.ltrans.o
 .debug_aranges
                0x00000f10       0xf8 /tmp/ccbFA10Y.ltrans12.ltrans.o
 .debug_aranges
                0x00001008       0x20 ./uLipeRtosV4/source/arch/OsPort_M0_a.o
 .debug_aranges
                0x00001028       0x20 ./startup/startup_MKL25Z4.o

.debug_ranges   0x00000000      0xf70
 .debug_ranges  0x00000000      0x170 /tmp/ccbFA10Y.ltrans0.ltrans.o
 .debug_ranges  0x00000170      0x110 /tmp/ccbFA10Y.ltrans1.ltrans.o
 .debug_ranges  0x00000280      0x1c0 /tmp/ccbFA10Y.ltrans2.ltrans.o
 .debug_ranges  0x00000440       0xf0 /tmp/ccbFA10Y.ltrans4.ltrans.o
 .debug_ranges  0x00000530      0x170 /tmp/ccbFA10Y.ltrans5.ltrans.o
 .debug_ranges  0x000006a0       0xd8 /tmp/ccbFA10Y.ltrans6.ltrans.o
 .debug_ranges  0x00000778      0x1c8 /tmp/ccbFA10Y.ltrans8.ltrans.o
 .debug_ranges  0x00000940      0x140 /tmp/ccbFA10Y.ltrans9.ltrans.o
 .debug_ranges  0x00000a80      0x1e0 /tmp/ccbFA10Y.ltrans10.ltrans.o
 .debug_ranges  0x00000c60      0x228 /tmp/ccbFA10Y.ltrans11.ltrans.o
 .debug_ranges  0x00000e88       0xe8 /tmp/ccbFA10Y.ltrans12.ltrans.o

.debug_line     0x00000000     0x4caf
 .debug_line    0x00000000      0x6a0 /tmp/ccbFA10Y.ltrans0.ltrans.o
 .debug_line    0x000006a0      0x512 /tmp/ccbFA10Y.ltrans1.ltrans.o
 .debug_line    0x00000bb2      0x734 /tmp/ccbFA10Y.ltrans2.ltrans.o
 .debug_line    0x000012e6      0x4dc /tmp/ccbFA10Y.ltrans4.ltrans.o
 .debug_line    0x000017c2      0x6d4 /tmp/ccbFA10Y.ltrans5.ltrans.o
 .debug_line    0x00001e96      0x46d /tmp/ccbFA10Y.ltrans6.ltrans.o
 .debug_line    0x00002303      0x74d /tmp/ccbFA10Y.ltrans8.ltrans.o
 .debug_line    0x00002a50      0x55c /tmp/ccbFA10Y.ltrans9.ltrans.o
 .debug_line    0x00002fac      0x79a /tmp/ccbFA10Y.ltrans10.ltrans.o
 .debug_line    0x00003746      0x967 /tmp/ccbFA10Y.ltrans11.ltrans.o
 .debug_line    0x000040ad      0xa96 /tmp/ccbFA10Y.ltrans12.ltrans.o
 .debug_line    0x00004b43       0xa5 ./uLipeRtosV4/source/arch/OsPort_M0_a.o
 .debug_line    0x00004be8       0xc7 ./startup/startup_MKL25Z4.o

.debug_str      0x00000000     0x9af8
 .debug_str     0x00000000      0xf7f /tmp/ccbFA10Y.ltrans0.ltrans.o
                               0x101c (size before relaxing)
 .debug_str     0x00000f7f     0x1281 /tmp/ccbFA10Y.ltrans1.ltrans.o
                               0x1730 (size before relaxing)
 .debug_str     0x00002200     0x105d /tmp/ccbFA10Y.ltrans2.ltrans.o
                               0x2026 (size before relaxing)
 .debug_str     0x0000325d      0x581 /tmp/ccbFA10Y.ltrans4.ltrans.o
                                0xa58 (size before relaxing)
 .debug_str     0x000037de      0xb68 /tmp/ccbFA10Y.ltrans5.ltrans.o
                               0x141b (size before relaxing)
 .debug_str     0x00004346      0x5c9 /tmp/ccbFA10Y.ltrans6.ltrans.o
                                0xa6a (size before relaxing)
 .debug_str     0x0000490f     0x1097 /tmp/ccbFA10Y.ltrans8.ltrans.o
                               0x1804 (size before relaxing)
 .debug_str     0x000059a6      0xa99 /tmp/ccbFA10Y.ltrans9.ltrans.o
                               0x1056 (size before relaxing)
 .debug_str     0x0000643f     0x1025 /tmp/ccbFA10Y.ltrans10.ltrans.o
                               0x16d4 (size before relaxing)
 .debug_str     0x00007464      0x934 /tmp/ccbFA10Y.ltrans11.ltrans.o
                               0x1e38 (size before relaxing)
 .debug_str     0x00007d98     0x1d60 /tmp/ccbFA10Y.ltrans12.ltrans.o
                               0x6d48 (size before relaxing)

.comment        0x00000000       0x70
 .comment       0x00000000       0x70 /tmp/ccbFA10Y.ltrans0.ltrans.o
                                 0x71 (size before relaxing)
 .comment       0x00000000       0x71 /tmp/ccbFA10Y.ltrans1.ltrans.o
 .comment       0x00000000       0x71 /tmp/ccbFA10Y.ltrans2.ltrans.o
 .comment       0x00000000       0x71 /tmp/ccbFA10Y.ltrans4.ltrans.o
 .comment       0x00000000       0x71 /tmp/ccbFA10Y.ltrans5.ltrans.o
 .comment       0x00000000       0x71 /tmp/ccbFA10Y.ltrans6.ltrans.o
 .comment       0x00000000       0x71 /tmp/ccbFA10Y.ltrans8.ltrans.o
 .comment       0x00000000       0x71 /tmp/ccbFA10Y.ltrans9.ltrans.o
 .comment       0x00000000       0x71 /tmp/ccbFA10Y.ltrans10.ltrans.o
 .comment       0x00000000       0x71 /tmp/ccbFA10Y.ltrans11.ltrans.o
 .comment       0x00000000       0x71 /tmp/ccbFA10Y.ltrans12.ltrans.o

.debug_frame    0x00000000     0x3d0c
 .debug_frame   0x00000000      0x588 /tmp/ccbFA10Y.ltrans0.ltrans.o
 .debug_frame   0x00000588      0x430 /tmp/ccbFA10Y.ltrans1.ltrans.o
 .debug_frame   0x000009b8      0x6e8 /tmp/ccbFA10Y.ltrans2.ltrans.o
 .debug_frame   0x000010a0      0x3b0 /tmp/ccbFA10Y.ltrans4.ltrans.o
 .debug_frame   0x00001450      0x548 /tmp/ccbFA10Y.ltrans5.ltrans.o
 .debug_frame   0x00001998      0x350 /tmp/ccbFA10Y.ltrans6.ltrans.o
 .debug_frame   0x00001ce8      0x700 /tmp/ccbFA10Y.ltrans8.ltrans.o
 .debug_frame   0x000023e8      0x4dc /tmp/ccbFA10Y.ltrans9.ltrans.o
 .debug_frame   0x000028c4      0x74c /tmp/ccbFA10Y.ltrans10.ltrans.o
 .debug_frame   0x00003010      0x878 /tmp/ccbFA10Y.ltrans11.ltrans.o
 .debug_frame   0x00003888      0x390 /tmp/ccbFA10Y.ltrans12.ltrans.o
 .debug_frame   0x00003c18       0x20 /opt/Freescale/KDS_v3/toolchain/bin/../lib/gcc/arm-none-eabi/4.8.4/armv6-m/libgcc.a(_udivsi3.o)
 .debug_frame   0x00003c38       0x20 /opt/Freescale/KDS_v3/toolchain/bin/../lib/gcc/arm-none-eabi/4.8.4/armv6-m/libgcc.a(_divsi3.o)
 .debug_frame   0x00003c58       0x20 /opt/Freescale/KDS_v3/toolchain/bin/../lib/gcc/arm-none-eabi/4.8.4/../../../../arm-none-eabi/lib/armv6-m/libg_s.a(lib_a-strlen.o)
 .debug_frame   0x00003c78       0x28 /opt/Freescale/KDS_v3/toolchain/bin/../lib/gcc/arm-none-eabi/4.8.4/../../../../arm-none-eabi/lib/armv6-m/libg_s.a(lib_a-exit.o)
 .debug_frame   0x00003ca0       0x2c /opt/Freescale/KDS_v3/toolchain/bin/../lib/gcc/arm-none-eabi/4.8.4/../../../../arm-none-eabi/lib/armv6-m/libg_s.a(lib_a-init.o)
 .debug_frame   0x00003ccc       0x20 /opt/Freescale/KDS_v3/toolchain/bin/../lib/gcc/arm-none-eabi/4.8.4/../../../../arm-none-eabi/lib/armv6-m/libg_s.a(lib_a-memset.o)
 .debug_frame   0x00003cec       0x20 /opt/Freescale/KDS_v3/toolchain/bin/../lib/gcc/arm-none-eabi/4.8.4/../../../../arm-none-eabi/lib/armv6-m/libnosys.a(_exit.o)
